Archive member included to satisfy reference by file (symbol)

d:/program files/microchip/xc32/v4.45/bin/bin/../../lib/gcc/pic32c/8.3.1/../../../../pic32c/lib/thumb/v7e-m+fp/hard\libpic32c.a(data_init.o)
                              build/default/production/_ext/1171490990/startup_xc32.o (__pic32c_data_initialization)
d:/program files/microchip/xc32/v4.45/bin/bin/../../lib/gcc/pic32c/8.3.1/../../../../pic32c/lib/thumb/v7e-m+fp/hard\libc-size-musl.a(memcmp.o)
                              build/default/production/_ext/411819097/ff.o (memcmp)
d:/program files/microchip/xc32/v4.45/bin/bin/../../lib/gcc/pic32c/8.3.1/../../../../pic32c/lib/thumb/v7e-m+fp/hard\libc-size-musl.a(memcpy.o)
                              build/default/production/_ext/992804092/drv_memory.o (memcpy)
d:/program files/microchip/xc32/v4.45/bin/bin/../../lib/gcc/pic32c/8.3.1/../../../../pic32c/lib/thumb/v7e-m+fp/hard\libc-size-musl.a(memset.o)
                              build/default/production/_ext/1748409734/bootloader_serial_memory.o (memset)
d:/program files/microchip/xc32/v4.45/bin/bin/../../lib/gcc/pic32c/8.3.1/../../../../pic32c/lib/thumb/v7e-m+fp/hard\libc-size-musl.a(strlen.o)
                              build/default/production/_ext/1269487135/sys_fs.o (strlen)
d:/program files/microchip/xc32/v4.45/bin/bin/../../lib/gcc/pic32c/8.3.1/../../../../pic32c/lib/thumb/v7e-m+fp/hard\libc-size-musl.a(strchr.o)
                              build/default/production/_ext/411819097/ff.o (strchr)
d:/program files/microchip/xc32/v4.45/bin/bin/../../lib/gcc/pic32c/8.3.1/../../../../pic32c/lib/thumb/v7e-m+fp/hard\libc-size-musl.a(strchrnul.o)
                              d:/program files/microchip/xc32/v4.45/bin/bin/../../lib/gcc/pic32c/8.3.1/../../../../pic32c/lib/thumb/v7e-m+fp/hard\libc-size-musl.a(strchr.o) (__strchrnul)
d:/program files/microchip/xc32/v4.45/bin/bin/../../lib/gcc/pic32c/8.3.1/../../../../pic32c/lib/thumb/v7e-m+fp/hard\libc-size-musl.a(strcmp.o)
                              build/default/production/_ext/1269487135/sys_fs_media_manager.o (strcmp)
d:/program files/microchip/xc32/v4.45/bin/bin/../../lib/gcc/pic32c/8.3.1/../../../../pic32c/lib/thumb/v7e-m+fp/hard\libc-size-musl.a(strncmp.o)
                              build/default/production/_ext/1269487135/sys_fs.o (strncmp)
d:/program files/microchip/xc32/v4.45/bin/bin/../../lib/gcc/pic32c/8.3.1/../../../../pic32c/lib/thumb/v7e-m+fp/hard\libc-musl.a(__libc_start_main.o)
                              build/default/production/_ext/1171490990/startup_xc32.o (__libc_init_array)
d:/program files/microchip/xc32/v4.45/bin/bin/../../lib/gcc/pic32c/8.3.1/../../../../pic32c/lib/thumb/v7e-m+fp/hard\libc-musl.a(libc.o)
                              d:/program files/microchip/xc32/v4.45/bin/bin/../../lib/gcc/pic32c/8.3.1/../../../../pic32c/lib/thumb/v7e-m+fp/hard\libc-musl.a(__libc_start_main.o) (__progname_full)
d:/program files/microchip/xc32/v4.45/bin/bin/../../lib/gcc/pic32c/8.3.1/../../../../pic32c/lib/thumb/v7e-m+fp/hard\libc-musl.a(__environ.o)
                              d:/program files/microchip/xc32/v4.45/bin/bin/../../lib/gcc/pic32c/8.3.1/../../../../pic32c/lib/thumb/v7e-m+fp/hard\libc-musl.a(__libc_start_main.o) (__environ)
d:/program files/microchip/xc32/v4.45/bin/bin/../../lib/gcc/pic32c/8.3.1/../../../../pic32c/lib/thumb/v7e-m+fp/hard\libpic32c.a(pic32_data_init_clear.o)
                              (__dinit_clear_needed)
d:/program files/microchip/xc32/v4.45/bin/bin/../../lib/gcc/pic32c/8.3.1/../../../../pic32c/lib/thumb/v7e-m+fp/hard\libpic32c.a(pic32_data_init_copy.o)
                              (__dinit_copy_needed)
d:/program files/microchip/xc32/v4.45/bin/bin/../../lib/gcc/pic32c/8.3.1/../../../../pic32c/lib/thumb/v7e-m+fp/hard\libpic32c.a(pic32_data_init_decompress.o)
                              (__dinit_decompress_needed)

Microchip PIC32 Memory-Usage Report

ROM Program-Memory Usage
section                    address  length [bytes]      (dec)  Description
-------                 ----------  -------------------------  -----------
.vectors                         0          0x264         612   
.text                        0x264           0x20          32  App's exec code 
.text.follow_path            0x284          0x570        1392   
.text.SYS_FS_MEDIA_MANA      0x7f4          0x408        1032   
.dinit                       0xbfc          0x240         576   
.rodata.cvt1.8090            0xe3c          0x1f4         500   
.text.mount_volume.isra     0x1030          0x1ec         492   
.text.SYS_FS_MEDIA_MANA     0x121c          0x1a0         416   
.text.SYS_FS_Mount          0x13bc          0x190         400   
.text.bootloader_SERIAL     0x154c          0x180         384   
.text.get_fileinfo          0x16cc          0x170         368   
.text.DRV_MEMORY_Open       0x183c          0x158         344   
.text.SYS_FS_CurrentWor     0x1994          0x144         324   
.text.DRV_MEMORY_SetupX     0x1ad8          0x13c         316   
[...]
Memory Configuration

Name             Origin             Length             Attributes
rom              0x0000000000000000 0x0000000000006000 xrl
ram              0x0000000020000010 0x000000000003fff0 xw !r
tcm              0x0000000003000000 0x0000000000000000 xw
bkupram          0x0000000047000000 0x0000000000002000
config_00804000  0x0000000000804000 0x0000000000000004
config_00804004  0x0000000000804004 0x0000000000000004
config_00804008  0x0000000000804008 0x0000000000000004
*default*        0x0000000000000000 0xffffffffffffffff

Linker script and memory map

LOAD d:/program files/microchip/xc32/v4.45/bin/bin/../../lib/gcc/pic32c/8.3.1/thumb/v7e-m+fp/hard/crti.o
LOAD d:/program files/microchip/xc32/v4.45/bin/bin/../../lib/gcc/pic32c/8.3.1/thumb/v7e-m+fp/hard/crtbegin.o
LOAD build/default/production/_ext/1748409734/bootloader_serial_memory.o
LOAD build/default/production/_ext/1748409734/bootloader_common.o
LOAD build/default/production/_ext/992804092/drv_memory.o
LOAD build/default/production/_ext/992804092/drv_memory_file_system.o
LOAD build/default/production/_ext/312275821/drv_mx25l.o
LOAD build/default/production/_ext/1984496892/plib_clock.o
LOAD build/default/production/_ext/1865131932/plib_cmcc.o
LOAD build/default/production/_ext/1986646378/plib_evsys.o
LOAD build/default/production/_ext/1865468468/plib_nvic.o
LOAD build/default/production/_ext/1593096446/plib_nvmctrl.o
LOAD build/default/production/_ext/1865521619/plib_port.o
LOAD build/default/production/_ext/1865555181/plib_qspi.o
LOAD build/default/production/_ext/163028504/xc32_monitor.o
LOAD build/default/production/_ext/1014039709/sys_cache.o
LOAD build/default/production/_ext/411819097/ffunicode.o
LOAD build/default/production/_ext/411819097/ff.o
LOAD build/default/production/_ext/565198302/diskio.o
LOAD build/default/production/_ext/1269487135/sys_fs.o
LOAD build/default/production/_ext/1269487135/sys_fs_media_manager.o
LOAD build/default/production/_ext/1269487135/sys_fs_fat_interface.o
LOAD build/default/production/_ext/1881668453/sys_int.o
LOAD build/default/production/_ext/1171490990/tasks.o
LOAD build/default/production/_ext/1171490990/initialization.o
LOAD build/default/production/_ext/1171490990/libc_syscalls.o
LOAD build/default/production/_ext/1171490990/interrupts.o
LOAD build/default/production/_ext/1171490990/exceptions.o
LOAD build/default/production/_ext/1171490990/startup_xc32.o
LOAD build/default/production/_ext/1360937237/main.o
LOAD build/default/production/_ext/1360937237/bootloader_app.o
                0x0000000000000001                __MPLAB_BUILD = 0x1
                0x0000000000006000                __rom_end = (ORIGIN (rom) + LENGTH (rom))
                0x0000000020040000                __ram_end = (ORIGIN (ram) + LENGTH (ram))

.config_00804000
 *(.config_00804000)

.config_00804004
 *(.config_00804004)

.config_00804008
 *(.config_00804008)

.vectors        0x0000000000000000      0x264
                0x0000000000000000                . = ALIGN (0x4)
                0x0000000000000000                _sfixed = .
 *(.vectors .vectors.* .vectors_default .vectors_default.*)
 .vectors.exception_table
                0x0000000000000000      0x264 build/default/production/_ext/1171490990/interrupts.o
                0x0000000000000000                exception_table
 *(.isr_vector)
 *(.reset*)
 *(.after_vectors)

.text           0x0000000000000264       0x20
                0x0000000000000264                . = ALIGN (0x4)
 *(.glue_7t)
 .glue_7t       0x0000000000000264        0x0 linker stubs
 *(.glue_7)
 .glue_7        0x0000000000000264        0x0 linker stubs
 *(.gnu.linkonce.r.*)
 *(.ARM.extab* .gnu.linkonce.armextab.*)
                0x0000000000000264                . = ALIGN (0x4)
 *(.init)
 .init          0x0000000000000264        0x4 d:/program files/microchip/xc32/v4.45/bin/bin/../../lib/gcc/pic32c/8.3.1/thumb/v7e-m+fp/hard/crti.o
                0x0000000000000264                _init
 .init          0x0000000000000268        0x8 d:/program files/microchip/xc32/v4.45/bin/bin/../../lib/gcc/pic32c/8.3.1/thumb/v7e-m+fp/hard/crtn.o
                0x0000000000000270                . = ALIGN (0x4)
                0x0000000000000270                __preinit_array_start = .
 *(.preinit_array)
                0x0000000000000270                __preinit_array_end = .
                0x0000000000000270                . = ALIGN (0x4)
                0x0000000000000270                __init_array_start = .
 *(SORT_BY_NAME(.init_array.*))
 *(.init_array)
 .init_array    0x0000000000000270        0x4 d:/program files/microchip/xc32/v4.45/bin/bin/../../lib/gcc/pic32c/8.3.1/thumb/v7e-m+fp/hard/crtbegin.o
                0x0000000000000274                __init_array_end = .
                0x0000000000000274                . = ALIGN (0x4)
 *crtbegin.o(.ctors)
 *(EXCLUDE_FILE(*crtend.o) .ctors)
 *(SORT_BY_NAME(.ctors.*))
 *crtend.o(.ctors)
                0x0000000000000274                . = ALIGN (0x4)
 *(.fini)
 .fini          0x0000000000000274        0x4 d:/program files/microchip/xc32/v4.45/bin/bin/../../lib/gcc/pic32c/8.3.1/thumb/v7e-m+fp/hard/crti.o
                0x0000000000000274                _fini
 .fini          0x0000000000000278        0x8 d:/program files/microchip/xc32/v4.45/bin/bin/../../lib/gcc/pic32c/8.3.1/thumb/v7e-m+fp/hard/crtn.o
                0x0000000000000280                . = ALIGN (0x4)
                0x0000000000000280                __fini_array_start = .
 *(.fini_array)
 .fini_array    0x0000000000000280        0x4 d:/program files/microchip/xc32/v4.45/bin/bin/../../lib/gcc/pic32c/8.3.1/thumb/v7e-m+fp/hard/crtbegin.o
 *(SORT_BY_NAME(.fini_array.*))
                0x0000000000000284                __fini_array_end = .
 *crtbegin.o(.dtors)
 *(EXCLUDE_FILE(*crtend.o) .dtors)
 *(SORT_BY_NAME(.dtors.*))
 *crtend.o(.dtors)
                0x0000000000000284                . = ALIGN (0x4)
                0x0000000000000284                _efixed = .
                [!provide]                        PROVIDE (__exidx_start = .)

.ARM.exidx
 *(.ARM.exidx* .gnu.linkonce.armexidx.*)
                [!provide]                        PROVIDE (__exidx_end = .)
                0x0000000000000284                . = ALIGN (0x4)
                0x0000000000000284                _etext = .

.bss            0x0000000020000010        0x0
                0x0000000020000010                . = ALIGN (0x4)
                0x0000000020000010                __bss_start__ = .
                0x0000000020000010                _sbss = .
                0x0000000020000010                _szero = .
 *(COMMON)
                0x0000000020000010                . = ALIGN (0x4)
                0x0000000020000010                __bss_end__ = .
                0x0000000020000010                _ebss = .
                0x0000000020000010                _ezero = .
                0x0000000020000010                . = ALIGN (0x4)
                0x0000000020000010                _end = .
                0x000000002003ffff                _ram_end_ = ((ORIGIN (ram) + LENGTH (ram)) - 0x1)

.bkupram_bss
 *(.bkupram_bss .bkupram_bss.*)
 *(.pbss .pbss.*)
                0x0000000000000200                _min_heap_size = 0x200
START GROUP
LOAD d:/program files/microchip/xc32/v4.45/bin/bin/../../lib/gcc/pic32c/8.3.1/../../../../pic32c/lib/thumb/v7e-m+fp/hard\libpic32c.a
LOAD d:/program files/microchip/xc32/v4.45/bin/bin/../../lib/gcc/pic32c/8.3.1/../../../../pic32c/lib/thumb/v7e-m+fp/hard\libc-size-musl.a
LOAD d:/program files/microchip/xc32/v4.45/bin/bin/../../lib/gcc/pic32c/8.3.1/../../../../pic32c/lib/thumb/v7e-m+fp/hard\liblmalloc-musl.a
LOAD d:/program files/microchip/xc32/v4.45/bin/bin/../../lib/gcc/pic32c/8.3.1/../../../../pic32c/lib/thumb/v7e-m+fp/hard\libm-fast-emfloat.a
LOAD d:/program files/microchip/xc32/v4.45/bin/bin/../../lib/gcc/pic32c/8.3.1/../../../../pic32c/lib/thumb/v7e-m+fp/hard\libm-musl.a
LOAD d:/program files/microchip/xc32/v4.45/bin/bin/../../lib/gcc/pic32c/8.3.1/../../../../pic32c/lib/thumb/v7e-m+fp/hard\libc-musl.a
LOAD d:/program files/microchip/xc32/v4.45/bin/bin/../../lib/gcc/pic32c/8.3.1/../../../../pic32c/lib/thumb/v7e-m+fp/hard\libm-fast-emfloat.a
LOAD d:/program files/microchip/xc32/v4.45/bin/bin/../../lib/gcc/pic32c/8.3.1/../../../../pic32c/lib/thumb/v7e-m+fp/hard\libm-musl.a
LOAD d:/program files/microchip/xc32/v4.45/bin/bin/../../lib/gcc/pic32c/8.3.1/thumb/v7e-m+fp/hard\libgcc.a
END GROUP
LOAD d:/program files/microchip/xc32/v4.45/bin/bin/../../lib/gcc/pic32c/8.3.1/thumb/v7e-m+fp/hard/crtend.o
LOAD d:/program files/microchip/xc32/v4.45/bin/bin/../../lib/gcc/pic32c/8.3.1/thumb/v7e-m+fp/hard/crtn.o
OUTPUT(dist/default/production/left_samd51n20a_bootloader.X.production.elf elf32-littlearm)
LOAD data_init
LOAD stack

.ARM.attributes
                0x0000000000000000       0x34
 .ARM.attributes
                0x0000000000000000       0x1e d:/program files/microchip/xc32/v4.45/bin/bin/../../lib/gcc/pic32c/8.3.1/thumb/v7e-m+fp/hard/crti.o
 .ARM.attributes
                0x000000000000001e       0x34 d:/program files/microchip/xc32/v4.45/bin/bin/../../lib/gcc/pic32c/8.3.1/thumb/v7e-m+fp/hard/crtbegin.o
 .ARM.attributes
                0x0000000000000052       0x34 build/default/production/_ext/1748409734/bootloader_serial_memory.o
 .ARM.attributes
                0x0000000000000086       0x34 build/default/production/_ext/1748409734/bootloader_common.o
 .ARM.attributes
                0x00000000000000ba       0x34 build/default/production/_ext/992804092/drv_memory.o
 .ARM.attributes
                0x00000000000000ee       0x34 build/default/production/_ext/992804092/drv_memory_file_system.o
 .ARM.attributes
                0x0000000000000122       0x34 build/default/production/_ext/312275821/drv_mx25l.o
 .ARM.attributes
                0x0000000000000156       0x34 build/default/production/_ext/1984496892/plib_clock.o
 .ARM.attributes
                0x000000000000018a       0x34 build/default/production/_ext/1865131932/plib_cmcc.o
 .ARM.attributes
                0x00000000000001be       0x34 build/default/production/_ext/1986646378/plib_evsys.o
 .ARM.attributes
                0x00000000000001f2       0x34 build/default/production/_ext/1865468468/plib_nvic.o
 .ARM.attributes
                0x0000000000000226       0x34 build/default/production/_ext/1593096446/plib_nvmctrl.o
 .ARM.attributes
                0x000000000000025a       0x34 build/default/production/_ext/1865521619/plib_port.o
 .ARM.attributes
                0x000000000000028e       0x34 build/default/production/_ext/1865555181/plib_qspi.o
 .ARM.attributes
                0x00000000000002c2       0x34 build/default/production/_ext/163028504/xc32_monitor.o
 .ARM.attributes
                0x00000000000002f6       0x34 build/default/production/_ext/1014039709/sys_cache.o
 .ARM.attributes
                0x000000000000032a       0x34 build/default/production/_ext/411819097/ffunicode.o
 .ARM.attributes
                0x000000000000035e       0x34 build/default/production/_ext/411819097/ff.o
 .ARM.attributes
                0x0000000000000392       0x34 build/default/production/_ext/565198302/diskio.o
 .ARM.attributes
                0x00000000000003c6       0x34 build/default/production/_ext/1269487135/sys_fs.o
 .ARM.attributes
                0x00000000000003fa       0x34 build/default/production/_ext/1269487135/sys_fs_media_manager.o
 .ARM.attributes
                0x000000000000042e       0x34 build/default/production/_ext/1269487135/sys_fs_fat_interface.o
 .ARM.attributes
                0x0000000000000462       0x34 build/default/production/_ext/1881668453/sys_int.o
 .ARM.attributes
                0x0000000000000496       0x34 build/default/production/_ext/1171490990/tasks.o
 .ARM.attributes
                0x00000000000004ca       0x34 build/default/production/_ext/1171490990/initialization.o
 .ARM.attributes
                0x00000000000004fe       0x34 build/default/production/_ext/1171490990/libc_syscalls.o
 .ARM.attributes
                0x0000000000000532       0x34 build/default/production/_ext/1171490990/interrupts.o
 .ARM.attributes
                0x0000000000000566       0x34 build/default/production/_ext/1171490990/exceptions.o
 .ARM.attributes
                0x000000000000059a       0x34 build/default/production/_ext/1171490990/startup_xc32.o
 .ARM.attributes
                0x00000000000005ce       0x34 build/default/production/_ext/1360937237/main.o
 .ARM.attributes
                0x0000000000000602       0x34 build/default/production/_ext/1360937237/bootloader_app.o
 .ARM.attributes
                0x0000000000000636       0x34 d:/program files/microchip/xc32/v4.45/bin/bin/../../lib/gcc/pic32c/8.3.1/../../../../pic32c/lib/thumb/v7e-m+fp/hard\libpic32c.a(data_init.o)
 .ARM.attributes
                0x000000000000066a       0x36 d:/program files/microchip/xc32/v4.45/bin/bin/../../lib/gcc/pic32c/8.3.1/../../../../pic32c/lib/thumb/v7e-m+fp/hard\libc-size-musl.a(memcmp.o)
 .ARM.attributes
                0x00000000000006a0       0x36 d:/program files/microchip/xc32/v4.45/bin/bin/../../lib/gcc/pic32c/8.3.1/../../../../pic32c/lib/thumb/v7e-m+fp/hard\libc-size-musl.a(memcpy.o)
 .ARM.attributes
                0x00000000000006d6       0x36 d:/program files/microchip/xc32/v4.45/bin/bin/../../lib/gcc/pic32c/8.3.1/../../../../pic32c/lib/thumb/v7e-m+fp/hard\libc-size-musl.a(memset.o)
 .ARM.attributes
                0x000000000000070c       0x36 d:/program files/microchip/xc32/v4.45/bin/bin/../../lib/gcc/pic32c/8.3.1/../../../../pic32c/lib/thumb/v7e-m+fp/hard\libc-size-musl.a(strlen.o)
 .ARM.attributes
                0x0000000000000742       0x36 d:/program files/microchip/xc32/v4.45/bin/bin/../../lib/gcc/pic32c/8.3.1/../../../../pic32c/lib/thumb/v7e-m+fp/hard\libc-size-musl.a(strchr.o)
 .ARM.attributes
                0x0000000000000778       0x36 d:/program files/microchip/xc32/v4.45/bin/bin/../../lib/gcc/pic32c/8.3.1/../../../../pic32c/lib/thumb/v7e-m+fp/hard\libc-size-musl.a(strchrnul.o)
 .ARM.attributes
                0x00000000000007ae       0x36 d:/program files/microchip/xc32/v4.45/bin/bin/../../lib/gcc/pic32c/8.3.1/../../../../pic32c/lib/thumb/v7e-m+fp/hard\libc-size-musl.a(strcmp.o)
 .ARM.attributes
                0x00000000000007e4       0x36 d:/program files/microchip/xc32/v4.45/bin/bin/../../lib/gcc/pic32c/8.3.1/../../../../pic32c/lib/thumb/v7e-m+fp/hard\libc-size-musl.a(strncmp.o)
 .ARM.attributes
                0x000000000000081a       0x36 d:/program files/microchip/xc32/v4.45/bin/bin/../../lib/gcc/pic32c/8.3.1/../../../../pic32c/lib/thumb/v7e-m+fp/hard\libc-musl.a(__libc_start_main.o)
 .ARM.attributes
                0x0000000000000850       0x34 d:/program files/microchip/xc32/v4.45/bin/bin/../../lib/gcc/pic32c/8.3.1/../../../../pic32c/lib/thumb/v7e-m+fp/hard\libc-musl.a(libc.o)
 .ARM.attributes
                0x0000000000000884       0x34 d:/program files/microchip/xc32/v4.45/bin/bin/../../lib/gcc/pic32c/8.3.1/../../../../pic32c/lib/thumb/v7e-m+fp/hard\libc-musl.a(__environ.o)
 .ARM.attributes
                0x00000000000008b8       0x32 d:/program files/microchip/xc32/v4.45/bin/bin/../../lib/gcc/pic32c/8.3.1/thumb/v7e-m+fp/hard/crtend.o
 .ARM.attributes
                0x00000000000008ea       0x1e d:/program files/microchip/xc32/v4.45/bin/bin/../../lib/gcc/pic32c/8.3.1/thumb/v7e-m+fp/hard/crtn.o
 .ARM.attributes
                0x0000000000000908       0x34 d:/program files/microchip/xc32/v4.45/bin/bin/../../lib/gcc/pic32c/8.3.1/../../../../pic32c/lib/thumb/v7e-m+fp/hard\libpic32c.a(pic32_data_init_clear.o)
 .ARM.attributes
                0x000000000000093c       0x34 d:/program files/microchip/xc32/v4.45/bin/bin/../../lib/gcc/pic32c/8.3.1/../../../../pic32c/lib/thumb/v7e-m+fp/hard\libpic32c.a(pic32_data_init_copy.o)
 .ARM.attributes
                0x0000000000000970       0x34 d:/program files/microchip/xc32/v4.45/bin/bin/../../lib/gcc/pic32c/8.3.1/../../../../pic32c/lib/thumb/v7e-m+fp/hard\libpic32c.a(pic32_data_init_decompress.o)

.comment        0x0000000000000000       0x2b
 .comment       0x0000000000000000       0x2b d:/program files/microchip/xc32/v4.45/bin/bin/../../lib/gcc/pic32c/8.3.1/thumb/v7e-m+fp/hard/crtbegin.o
                                         0x2c (size before relaxing)
 .comment       0x000000000000002b       0x2c build/default/production/_ext/1748409734/bootloader_serial_memory.o
 .comment       0x000000000000002b       0x2c build/default/production/_ext/1748409734/bootloader_common.o
 .comment       0x000000000000002b       0x2c build/default/production/_ext/992804092/drv_memory.o
 .comment       0x000000000000002b       0x2c build/default/production/_ext/992804092/drv_memory_file_system.o
 .comment       0x000000000000002b       0x2c build/default/production/_ext/312275821/drv_mx25l.o
 .comment       0x000000000000002b       0x2c build/default/production/_ext/1984496892/plib_clock.o
 .comment       0x000000000000002b       0x2c build/default/production/_ext/1865131932/plib_cmcc.o
 .comment       0x000000000000002b       0x2c build/default/production/_ext/1986646378/plib_evsys.o
 .comment       0x000000000000002b       0x2c build/default/production/_ext/1865468468/plib_nvic.o
 .comment       0x000000000000002b       0x2c build/default/production/_ext/1593096446/plib_nvmctrl.o
 .comment       0x000000000000002b       0x2c build/default/production/_ext/1865521619/plib_port.o
 .comment       0x000000000000002b       0x2c build/default/production/_ext/1865555181/plib_qspi.o
 .comment       0x000000000000002b       0x2c build/default/production/_ext/163028504/xc32_monitor.o
 .comment       0x000000000000002b       0x2c build/default/production/_ext/1014039709/sys_cache.o
 .comment       0x000000000000002b       0x2c build/default/production/_ext/411819097/ffunicode.o
 .comment       0x000000000000002b       0x2c build/default/production/_ext/411819097/ff.o
 .comment       0x000000000000002b       0x2c build/default/production/_ext/565198302/diskio.o
 .comment       0x000000000000002b       0x2c build/default/production/_ext/1269487135/sys_fs.o
 .comment       0x000000000000002b       0x2c build/default/production/_ext/1269487135/sys_fs_media_manager.o
 .comment       0x000000000000002b       0x2c build/default/production/_ext/1269487135/sys_fs_fat_interface.o
 .comment       0x000000000000002b       0x2c build/default/production/_ext/1881668453/sys_int.o
 .comment       0x000000000000002b       0x2c build/default/production/_ext/1171490990/tasks.o
 .comment       0x000000000000002b       0x2c build/default/production/_ext/1171490990/initialization.o
 .comment       0x000000000000002b       0x2c build/default/production/_ext/1171490990/libc_syscalls.o
 .comment       0x000000000000002b       0x2c build/default/production/_ext/1171490990/interrupts.o
 .comment       0x000000000000002b       0x2c build/default/production/_ext/1171490990/exceptions.o
 .comment       0x000000000000002b       0x2c build/default/production/_ext/1171490990/startup_xc32.o
 .comment       0x000000000000002b       0x2c build/default/production/_ext/1360937237/main.o
 .comment       0x000000000000002b       0x2c build/default/production/_ext/1360937237/bootloader_app.o
 .comment       0x000000000000002b       0x2c d:/program files/microchip/xc32/v4.45/bin/bin/../../lib/gcc/pic32c/8.3.1/../../../../pic32c/lib/thumb/v7e-m+fp/hard\libpic32c.a(data_init.o)
 .comment       0x000000000000002b       0x2c d:/program files/microchip/xc32/v4.45/bin/bin/../../lib/gcc/pic32c/8.3.1/../../../../pic32c/lib/thumb/v7e-m+fp/hard\libc-size-musl.a(memcmp.o)
 .comment       0x000000000000002b       0x2c d:/program files/microchip/xc32/v4.45/bin/bin/../../lib/gcc/pic32c/8.3.1/../../../../pic32c/lib/thumb/v7e-m+fp/hard\libc-size-musl.a(memcpy.o)
 .comment       0x000000000000002b       0x2c d:/program files/microchip/xc32/v4.45/bin/bin/../../lib/gcc/pic32c/8.3.1/../../../../pic32c/lib/thumb/v7e-m+fp/hard\libc-size-musl.a(memset.o)
 .comment       0x000000000000002b       0x2c d:/program files/microchip/xc32/v4.45/bin/bin/../../lib/gcc/pic32c/8.3.1/../../../../pic32c/lib/thumb/v7e-m+fp/hard\libc-size-musl.a(strlen.o)
 .comment       0x000000000000002b       0x2c d:/program files/microchip/xc32/v4.45/bin/bin/../../lib/gcc/pic32c/8.3.1/../../../../pic32c/lib/thumb/v7e-m+fp/hard\libc-size-musl.a(strchr.o)
 .comment       0x000000000000002b       0x2c d:/program files/microchip/xc32/v4.45/bin/bin/../../lib/gcc/pic32c/8.3.1/../../../../pic32c/lib/thumb/v7e-m+fp/hard\libc-size-musl.a(strchrnul.o)
 .comment       0x000000000000002b       0x2c d:/program files/microchip/xc32/v4.45/bin/bin/../../lib/gcc/pic32c/8.3.1/../../../../pic32c/lib/thumb/v7e-m+fp/hard\libc-size-musl.a(strcmp.o)
 .comment       0x000000000000002b       0x2c d:/program files/microchip/xc32/v4.45/bin/bin/../../lib/gcc/pic32c/8.3.1/../../../../pic32c/lib/thumb/v7e-m+fp/hard\libc-size-musl.a(strncmp.o)
 .comment       0x000000000000002b       0x2c d:/program files/microchip/xc32/v4.45/bin/bin/../../lib/gcc/pic32c/8.3.1/../../../../pic32c/lib/thumb/v7e-m+fp/hard\libc-musl.a(__libc_start_main.o)
 .comment       0x000000000000002b       0x2c d:/program files/microchip/xc32/v4.45/bin/bin/../../lib/gcc/pic32c/8.3.1/../../../../pic32c/lib/thumb/v7e-m+fp/hard\libc-musl.a(libc.o)
 .comment       0x000000000000002b       0x2c d:/program files/microchip/xc32/v4.45/bin/bin/../../lib/gcc/pic32c/8.3.1/../../../../pic32c/lib/thumb/v7e-m+fp/hard\libc-musl.a(__environ.o)
 .comment       0x000000000000002b       0x2c d:/program files/microchip/xc32/v4.45/bin/bin/../../lib/gcc/pic32c/8.3.1/thumb/v7e-m+fp/hard/crtend.o
 .comment       0x000000000000002b       0x2c d:/program files/microchip/xc32/v4.45/bin/bin/../../lib/gcc/pic32c/8.3.1/../../../../pic32c/lib/thumb/v7e-m+fp/hard\libpic32c.a(pic32_data_init_clear.o)
 .comment       0x000000000000002b       0x2c d:/program files/microchip/xc32/v4.45/bin/bin/../../lib/gcc/pic32c/8.3.1/../../../../pic32c/lib/thumb/v7e-m+fp/hard\libpic32c.a(pic32_data_init_copy.o)
 .comment       0x000000000000002b       0x2c d:/program files/microchip/xc32/v4.45/bin/bin/../../lib/gcc/pic32c/8.3.1/../../../../pic32c/lib/thumb/v7e-m+fp/hard\libpic32c.a(pic32_data_init_decompress.o)

.debug_info     0x0000000000000000    0x1434f
 .debug_info    0x0000000000000000      0x7b4 build/default/production/_ext/1748409734/bootloader_serial_memory.o
 .debug_info    0x00000000000007b4      0x4f7 build/default/production/_ext/1748409734/bootloader_common.o
 .debug_info    0x0000000000000cab     0x20c9 build/default/production/_ext/992804092/drv_memory.o
 .debug_info    0x0000000000002d74      0x591 build/default/production/_ext/992804092/drv_memory_file_system.o
 .debug_info    0x0000000000003305     0x1117 build/default/production/_ext/312275821/drv_mx25l.o
 .debug_info    0x000000000000441c      0x633 build/default/production/_ext/1984496892/plib_clock.o
 .debug_info    0x0000000000004a4f      0x213 build/default/production/_ext/1865131932/plib_cmcc.o
 .debug_info    0x0000000000004c62       0x9b build/default/production/_ext/1986646378/plib_evsys.o
 .debug_info    0x0000000000004cfd      0x4e2 build/default/production/_ext/1865468468/plib_nvic.o
 .debug_info    0x00000000000051df      0x927 build/default/production/_ext/1593096446/plib_nvmctrl.o
 .debug_info    0x0000000000005b06      0x791 build/default/production/_ext/1865521619/plib_port.o
 .debug_info    0x0000000000006297      0xa9b build/default/production/_ext/1865555181/plib_qspi.o
 .debug_info    0x0000000000006d32       0xf7 build/default/production/_ext/163028504/xc32_monitor.o
 .debug_info    0x0000000000006e29      0x19f build/default/production/_ext/1014039709/sys_cache.o
 .debug_info    0x0000000000006fc8      0x2b7 build/default/production/_ext/411819097/ffunicode.o
 .debug_info    0x000000000000727f     0x2c33 build/default/production/_ext/411819097/ff.o
 .debug_info    0x0000000000009eb2      0x8c4 build/default/production/_ext/565198302/diskio.o
 .debug_info    0x000000000000a776     0x2eba build/default/production/_ext/1269487135/sys_fs.o
 .debug_info    0x000000000000d630     0x1b44 build/default/production/_ext/1269487135/sys_fs_media_manager.o
 .debug_info    0x000000000000f174     0x11ac build/default/production/_ext/1269487135/sys_fs_fat_interface.o
 .debug_info    0x0000000000010320      0x83c build/default/production/_ext/1881668453/sys_int.o
 .debug_info    0x0000000000010b5c      0x14a build/default/production/_ext/1171490990/tasks.o
 .debug_info    0x0000000000010ca6     0x1470 build/default/production/_ext/1171490990/initialization.o
 .debug_info    0x0000000000012116       0xaa build/default/production/_ext/1171490990/libc_syscalls.o
 .debug_info    0x00000000000121c0      0xb0d build/default/production/_ext/1171490990/interrupts.o
 .debug_info    0x0000000000012ccd      0x116 build/default/production/_ext/1171490990/exceptions.o
 .debug_info    0x0000000000012de3      0x55b build/default/production/_ext/1171490990/startup_xc32.o
 .debug_info    0x000000000001333e       0xe4 build/default/production/_ext/1360937237/main.o
 .debug_info    0x0000000000013422      0x162 build/default/production/_ext/1360937237/bootloader_app.o
 .debug_info    0x0000000000013584       0x54 d:/program files/microchip/xc32/v4.45/bin/bin/../../lib/gcc/pic32c/8.3.1/../../../../pic32c/lib/thumb/v7e-m+fp/hard\libpic32c.a(data_init.o)
 .debug_info    0x00000000000135d8       0xe0 d:/program files/microchip/xc32/v4.45/bin/bin/../../lib/gcc/pic32c/8.3.1/../../../../pic32c/lib/thumb/v7e-m+fp/hard\libc-size-musl.a(memcmp.o)
 .debug_info    0x00000000000136b8       0xf3 d:/program files/microchip/xc32/v4.45/bin/bin/../../lib/gcc/pic32c/8.3.1/../../../../pic32c/lib/thumb/v7e-m+fp/hard\libc-size-musl.a(memcpy.o)
 .debug_info    0x00000000000137ab       0xbb d:/program files/microchip/xc32/v4.45/bin/bin/../../lib/gcc/pic32c/8.3.1/../../../../pic32c/lib/thumb/v7e-m+fp/hard\libc-size-musl.a(memset.o)
 .debug_info    0x0000000000013866       0xa4 d:/program files/microchip/xc32/v4.45/bin/bin/../../lib/gcc/pic32c/8.3.1/../../../../pic32c/lib/thumb/v7e-m+fp/hard\libc-size-musl.a(strlen.o)
 .debug_info    0x000000000001390a       0xd2 d:/program files/microchip/xc32/v4.45/bin/bin/../../lib/gcc/pic32c/8.3.1/../../../../pic32c/lib/thumb/v7e-m+fp/hard\libc-size-musl.a(strchr.o)
 .debug_info    0x00000000000139dc      0x12c d:/program files/microchip/xc32/v4.45/bin/bin/../../lib/gcc/pic32c/8.3.1/../../../../pic32c/lib/thumb/v7e-m+fp/hard\libc-size-musl.a(strchrnul.o)
 .debug_info    0x0000000000013b08       0x95 d:/program files/microchip/xc32/v4.45/bin/bin/../../lib/gcc/pic32c/8.3.1/../../../../pic32c/lib/thumb/v7e-m+fp/hard\libc-size-musl.a(strcmp.o)
 .debug_info    0x0000000000013b9d       0xeb d:/program files/microchip/xc32/v4.45/bin/bin/../../lib/gcc/pic32c/8.3.1/../../../../pic32c/lib/thumb/v7e-m+fp/hard\libc-size-musl.a(strncmp.o)
 .debug_info    0x0000000000013c88      0x2fb d:/program files/microchip/xc32/v4.45/bin/bin/../../lib/gcc/pic32c/8.3.1/../../../../pic32c/lib/thumb/v7e-m+fp/hard\libc-musl.a(__libc_start_main.o)
 .debug_info    0x0000000000013f83      0x276 d:/program files/microchip/xc32/v4.45/bin/bin/../../lib/gcc/pic32c/8.3.1/../../../../pic32c/lib/thumb/v7e-m+fp/hard\libc-musl.a(libc.o)
 .debug_info    0x00000000000141f9       0x97 d:/program files/microchip/xc32/v4.45/bin/bin/../../lib/gcc/pic32c/8.3.1/../../../../pic32c/lib/thumb/v7e-m+fp/hard\libc-musl.a(__environ.o)
 .debug_info    0x0000000000014290       0x3f d:/program files/microchip/xc32/v4.45/bin/bin/../../lib/gcc/pic32c/8.3.1/../../../../pic32c/lib/thumb/v7e-m+fp/hard\libpic32c.a(pic32_data_init_clear.o)
 .debug_info    0x00000000000142cf       0x40 d:/program files/microchip/xc32/v4.45/bin/bin/../../lib/gcc/pic32c/8.3.1/../../../../pic32c/lib/thumb/v7e-m+fp/hard\libpic32c.a(pic32_data_init_copy.o)
 .debug_info    0x000000000001430f       0x40 d:/program files/microchip/xc32/v4.45/bin/bin/../../lib/gcc/pic32c/8.3.1/../../../../pic32c/lib/thumb/v7e-m+fp/hard\libpic32c.a(pic32_data_init_decompress.o)

.debug_abbrev   0x0000000000000000     0x4290
 .debug_abbrev  0x0000000000000000      0x2b0 build/default/production/_ext/1748409734/bootloader_serial_memory.o
 .debug_abbrev  0x00000000000002b0      0x26e build/default/production/_ext/1748409734/bootloader_common.o
 .debug_abbrev  0x000000000000051e      0x45f build/default/production/_ext/992804092/drv_memory.o
 .debug_abbrev  0x000000000000097d      0x168 build/default/production/_ext/992804092/drv_memory_file_system.o
 .debug_abbrev  0x0000000000000ae5      0x382 build/default/production/_ext/312275821/drv_mx25l.o
 .debug_abbrev  0x0000000000000e67      0x110 build/default/production/_ext/1984496892/plib_clock.o
 .debug_abbrev  0x0000000000000f77       0xa4 build/default/production/_ext/1865131932/plib_cmcc.o
 .debug_abbrev  0x000000000000101b       0x46 build/default/production/_ext/1986646378/plib_evsys.o
 .debug_abbrev  0x0000000000001061      0x1a9 build/default/production/_ext/1865468468/plib_nvic.o
 .debug_abbrev  0x000000000000120a      0x30c build/default/production/_ext/1593096446/plib_nvmctrl.o
 .debug_abbrev  0x0000000000001516      0x1bc build/default/production/_ext/1865521619/plib_port.o
 .debug_abbrev  0x00000000000016d2      0x2a8 build/default/production/_ext/1865555181/plib_qspi.o
 .debug_abbrev  0x000000000000197a       0xb1 build/default/production/_ext/163028504/xc32_monitor.o
 .debug_abbrev  0x0000000000001a2b       0xc6 build/default/production/_ext/1014039709/sys_cache.o
 .debug_abbrev  0x0000000000001af1      0x11f build/default/production/_ext/411819097/ffunicode.o
 .debug_abbrev  0x0000000000001c10      0x3d6 build/default/production/_ext/411819097/ff.o
 .debug_abbrev  0x0000000000001fe6      0x2a2 build/default/production/_ext/565198302/diskio.o
 .debug_abbrev  0x0000000000002288      0x55d build/default/production/_ext/1269487135/sys_fs.o
 .debug_abbrev  0x00000000000027e5      0x516 build/default/production/_ext/1269487135/sys_fs_media_manager.o
 .debug_abbrev  0x0000000000002cfb      0x330 build/default/production/_ext/1269487135/sys_fs_fat_interface.o
 .debug_abbrev  0x000000000000302b      0x24f build/default/production/_ext/1881668453/sys_int.o
 .debug_abbrev  0x000000000000327a       0xcb build/default/production/_ext/1171490990/tasks.o
 .debug_abbrev  0x0000000000003345      0x29c build/default/production/_ext/1171490990/initialization.o
 .debug_abbrev  0x00000000000035e1       0x5d build/default/production/_ext/1171490990/libc_syscalls.o
 .debug_abbrev  0x000000000000363e       0xe5 build/default/production/_ext/1171490990/interrupts.o
 .debug_abbrev  0x0000000000003723       0x49 build/default/production/_ext/1171490990/exceptions.o
 .debug_abbrev  0x000000000000376c      0x1e3 build/default/production/_ext/1171490990/startup_xc32.o
 .debug_abbrev  0x000000000000394f       0x82 build/default/production/_ext/1360937237/main.o
 .debug_abbrev  0x00000000000039d1       0xa8 build/default/production/_ext/1360937237/bootloader_app.o
 .debug_abbrev  0x0000000000003a79       0x44 d:/program files/microchip/xc32/v4.45/bin/bin/../../lib/gcc/pic32c/8.3.1/../../../../pic32c/lib/thumb/v7e-m+fp/hard\libpic32c.a(data_init.o)
 .debug_abbrev  0x0000000000003abd       0x96 d:/program files/microchip/xc32/v4.45/bin/bin/../../lib/gcc/pic32c/8.3.1/../../../../pic32c/lib/thumb/v7e-m+fp/hard\libc-size-musl.a(memcmp.o)
 .debug_abbrev  0x0000000000003b53       0xbb d:/program files/microchip/xc32/v4.45/bin/bin/../../lib/gcc/pic32c/8.3.1/../../../../pic32c/lib/thumb/v7e-m+fp/hard\libc-size-musl.a(memcpy.o)
 .debug_abbrev  0x0000000000003c0e       0xa2 d:/program files/microchip/xc32/v4.45/bin/bin/../../lib/gcc/pic32c/8.3.1/../../../../pic32c/lib/thumb/v7e-m+fp/hard\libc-size-musl.a(memset.o)
 .debug_abbrev  0x0000000000003cb0       0x91 d:/program files/microchip/xc32/v4.45/bin/bin/../../lib/gcc/pic32c/8.3.1/../../../../pic32c/lib/thumb/v7e-m+fp/hard\libc-size-musl.a(strlen.o)
 .debug_abbrev  0x0000000000003d41       0xad d:/program files/microchip/xc32/v4.45/bin/bin/../../lib/gcc/pic32c/8.3.1/../../../../pic32c/lib/thumb/v7e-m+fp/hard\libc-size-musl.a(strchr.o)
 .debug_abbrev  0x0000000000003dee       0xb0 d:/program files/microchip/xc32/v4.45/bin/bin/../../lib/gcc/pic32c/8.3.1/../../../../pic32c/lib/thumb/v7e-m+fp/hard\libc-size-musl.a(strchrnul.o)
 .debug_abbrev  0x0000000000003e9e       0x6e d:/program files/microchip/xc32/v4.45/bin/bin/../../lib/gcc/pic32c/8.3.1/../../../../pic32c/lib/thumb/v7e-m+fp/hard\libc-size-musl.a(strcmp.o)
 .debug_abbrev  0x0000000000003f0c       0x91 d:/program files/microchip/xc32/v4.45/bin/bin/../../lib/gcc/pic32c/8.3.1/../../../../pic32c/lib/thumb/v7e-m+fp/hard\libc-size-musl.a(strncmp.o)
 .debug_abbrev  0x0000000000003f9d      0x133 d:/program files/microchip/xc32/v4.45/bin/bin/../../lib/gcc/pic32c/8.3.1/../../../../pic32c/lib/thumb/v7e-m+fp/hard\libc-musl.a(__libc_start_main.o)
 .debug_abbrev  0x00000000000040d0       0xd4 d:/program files/microchip/xc32/v4.45/bin/bin/../../lib/gcc/pic32c/8.3.1/../../../../pic32c/lib/thumb/v7e-m+fp/hard\libc-musl.a(libc.o)
 .debug_abbrev  0x00000000000041a4       0x62 d:/program files/microchip/xc32/v4.45/bin/bin/../../lib/gcc/pic32c/8.3.1/../../../../pic32c/lib/thumb/v7e-m+fp/hard\libc-musl.a(__environ.o)
 .debug_abbrev  0x0000000000004206       0x2e d:/program files/microchip/xc32/v4.45/bin/bin/../../lib/gcc/pic32c/8.3.1/../../../../pic32c/lib/thumb/v7e-m+fp/hard\libpic32c.a(pic32_data_init_clear.o)
 .debug_abbrev  0x0000000000004234       0x2e d:/program files/microchip/xc32/v4.45/bin/bin/../../lib/gcc/pic32c/8.3.1/../../../../pic32c/lib/thumb/v7e-m+fp/hard\libpic32c.a(pic32_data_init_copy.o)
 .debug_abbrev  0x0000000000004262       0x2e d:/program files/microchip/xc32/v4.45/bin/bin/../../lib/gcc/pic32c/8.3.1/../../../../pic32c/lib/thumb/v7e-m+fp/hard\libpic32c.a(pic32_data_init_decompress.o)

.debug_loc      0x0000000000000000    0x10d8b
 .debug_loc     0x0000000000000000      0x254 build/default/production/_ext/1748409734/bootloader_serial_memory.o
 .debug_loc     0x0000000000000254      0x23c build/default/production/_ext/1748409734/bootloader_common.o
 .debug_loc     0x0000000000000490     0x1fc0 build/default/production/_ext/992804092/drv_memory.o
 .debug_loc     0x0000000000002450       0x4a build/default/production/_ext/992804092/drv_memory_file_system.o
 .debug_loc     0x000000000000249a      0xaca build/default/production/_ext/312275821/drv_mx25l.o
 .debug_loc     0x0000000000002f64       0x66 build/default/production/_ext/1865468468/plib_nvic.o
 .debug_loc     0x0000000000002fca      0x97d build/default/production/_ext/1593096446/plib_nvmctrl.o
 .debug_loc     0x0000000000003947      0x1ed build/default/production/_ext/1865521619/plib_port.o
 .debug_loc     0x0000000000003b34      0xd39 build/default/production/_ext/1865555181/plib_qspi.o
 .debug_loc     0x000000000000486d       0x25 build/default/production/_ext/163028504/xc32_monitor.o
 .debug_loc     0x0000000000004892      0x460 build/default/production/_ext/411819097/ffunicode.o
 .debug_loc     0x0000000000004cf2     0x4515 build/default/production/_ext/411819097/ff.o
 .debug_loc     0x0000000000009207      0x60c build/default/production/_ext/565198302/diskio.o
 .debug_loc     0x0000000000009813     0x43bf build/default/production/_ext/1269487135/sys_fs.o
 .debug_loc     0x000000000000dbd2     0x1980 build/default/production/_ext/1269487135/sys_fs_media_manager.o
 .debug_loc     0x000000000000f552      0xddd build/default/production/_ext/1269487135/sys_fs_fat_interface.o
 .debug_loc     0x000000000001032f      0x154 build/default/production/_ext/1881668453/sys_int.o
 .debug_loc     0x0000000000010483       0x2c build/default/production/_ext/1171490990/tasks.o
 .debug_loc     0x00000000000104af       0x5d build/default/production/_ext/1171490990/initialization.o
 .debug_loc     0x000000000001050c       0x15 build/default/production/_ext/1171490990/libc_syscalls.o
 .debug_loc     0x0000000000010521       0x4a build/default/production/_ext/1171490990/startup_xc32.o
 .debug_loc     0x000000000001056b       0x20 build/default/production/_ext/1360937237/main.o
 .debug_loc     0x000000000001058b       0x62 build/default/production/_ext/1360937237/bootloader_app.o
 .debug_loc     0x00000000000105ed       0x14 d:/program files/microchip/xc32/v4.45/bin/bin/../../lib/gcc/pic32c/8.3.1/../../../../pic32c/lib/thumb/v7e-m+fp/hard\libpic32c.a(data_init.o)
 .debug_loc     0x0000000000010601      0x10c d:/program files/microchip/xc32/v4.45/bin/bin/../../lib/gcc/pic32c/8.3.1/../../../../pic32c/lib/thumb/v7e-m+fp/hard\libc-size-musl.a(memcmp.o)
 .debug_loc     0x000000000001070d      0x10b d:/program files/microchip/xc32/v4.45/bin/bin/../../lib/gcc/pic32c/8.3.1/../../../../pic32c/lib/thumb/v7e-m+fp/hard\libc-size-musl.a(memcpy.o)
 .debug_loc     0x0000000000010818       0x7d d:/program files/microchip/xc32/v4.45/bin/bin/../../lib/gcc/pic32c/8.3.1/../../../../pic32c/lib/thumb/v7e-m+fp/hard\libc-size-musl.a(memset.o)
 .debug_loc     0x0000000000010895       0x90 d:/program files/microchip/xc32/v4.45/bin/bin/../../lib/gcc/pic32c/8.3.1/../../../../pic32c/lib/thumb/v7e-m+fp/hard\libc-size-musl.a(strlen.o)
 .debug_loc     0x0000000000010925       0x8c d:/program files/microchip/xc32/v4.45/bin/bin/../../lib/gcc/pic32c/8.3.1/../../../../pic32c/lib/thumb/v7e-m+fp/hard\libc-size-musl.a(strchr.o)
 .debug_loc     0x00000000000109b1      0x11a d:/program files/microchip/xc32/v4.45/bin/bin/../../lib/gcc/pic32c/8.3.1/../../../../pic32c/lib/thumb/v7e-m+fp/hard\libc-size-musl.a(strchrnul.o)
 .debug_loc     0x0000000000010acb       0x96 d:/program files/microchip/xc32/v4.45/bin/bin/../../lib/gcc/pic32c/8.3.1/../../../../pic32c/lib/thumb/v7e-m+fp/hard\libc-size-musl.a(strcmp.o)
 .debug_loc     0x0000000000010b61      0x1b1 d:/program files/microchip/xc32/v4.45/bin/bin/../../lib/gcc/pic32c/8.3.1/../../../../pic32c/lib/thumb/v7e-m+fp/hard\libc-size-musl.a(strncmp.o)
 .debug_loc     0x0000000000010d12       0x51 d:/program files/microchip/xc32/v4.45/bin/bin/../../lib/gcc/pic32c/8.3.1/../../../../pic32c/lib/thumb/v7e-m+fp/hard\libc-musl.a(__libc_start_main.o)
 .debug_loc     0x0000000000010d63       0x14 d:/program files/microchip/xc32/v4.45/bin/bin/../../lib/gcc/pic32c/8.3.1/../../../../pic32c/lib/thumb/v7e-m+fp/hard\libpic32c.a(pic32_data_init_copy.o)
 .debug_loc     0x0000000000010d77       0x14 d:/program files/microchip/xc32/v4.45/bin/bin/../../lib/gcc/pic32c/8.3.1/../../../../pic32c/lib/thumb/v7e-m+fp/hard\libpic32c.a(pic32_data_init_decompress.o)

.debug_aranges  0x0000000000000000      0xbc0
 .debug_aranges
                0x0000000000000000       0x28 build/default/production/_ext/1748409734/bootloader_serial_memory.o
 .debug_aranges
                0x0000000000000028       0x48 build/default/production/_ext/1748409734/bootloader_common.o
 .debug_aranges
                0x0000000000000070       0xd0 build/default/production/_ext/992804092/drv_memory.o
 .debug_aranges
                0x0000000000000140       0x20 build/default/production/_ext/992804092/drv_memory_file_system.o
 .debug_aranges
                0x0000000000000160       0x90 build/default/production/_ext/312275821/drv_mx25l.o
 .debug_aranges
                0x00000000000001f0       0x20 build/default/production/_ext/1984496892/plib_clock.o
 .debug_aranges
                0x0000000000000210       0x48 build/default/production/_ext/1865131932/plib_cmcc.o
 .debug_aranges
                0x0000000000000258       0x20 build/default/production/_ext/1986646378/plib_evsys.o
 .debug_aranges
                0x0000000000000278       0x38 build/default/production/_ext/1865468468/plib_nvic.o
 .debug_aranges
                0x00000000000002b0       0xd8 build/default/production/_ext/1593096446/plib_nvmctrl.o
 .debug_aranges
                0x0000000000000388       0x70 build/default/production/_ext/1865521619/plib_port.o
 .debug_aranges
                0x00000000000003f8       0x58 build/default/production/_ext/1865555181/plib_qspi.o
 .debug_aranges
                0x0000000000000450       0x20 build/default/production/_ext/163028504/xc32_monitor.o
 .debug_aranges
                0x0000000000000470       0x28 build/default/production/_ext/1014039709/sys_cache.o
 .debug_aranges
                0x0000000000000498       0x30 build/default/production/_ext/411819097/ffunicode.o
 .debug_aranges
                0x00000000000004c8       0xe0 build/default/production/_ext/411819097/ff.o
 .debug_aranges
                0x00000000000005a8       0x50 build/default/production/_ext/565198302/diskio.o
 .debug_aranges
                0x00000000000005f8      0x148 build/default/production/_ext/1269487135/sys_fs.o
 .debug_aranges
                0x0000000000000740       0xa0 build/default/production/_ext/1269487135/sys_fs_media_manager.o
 .debug_aranges
                0x00000000000007e0       0x90 build/default/production/_ext/1269487135/sys_fs_fat_interface.o
 .debug_aranges
                0x0000000000000870       0x40 build/default/production/_ext/1881668453/sys_int.o
 .debug_aranges
                0x00000000000008b0       0x20 build/default/production/_ext/1171490990/tasks.o
 .debug_aranges
                0x00000000000008d0       0x20 build/default/production/_ext/1171490990/initialization.o
 .debug_aranges
                0x00000000000008f0       0x20 build/default/production/_ext/1171490990/libc_syscalls.o
 .debug_aranges
                0x0000000000000910       0x20 build/default/production/_ext/1171490990/interrupts.o
 .debug_aranges
                0x0000000000000930       0x48 build/default/production/_ext/1171490990/exceptions.o
 .debug_aranges
                0x0000000000000978       0x28 build/default/production/_ext/1171490990/startup_xc32.o
 .debug_aranges
                0x00000000000009a0       0x20 build/default/production/_ext/1360937237/main.o
 .debug_aranges
                0x00000000000009c0       0x20 build/default/production/_ext/1360937237/bootloader_app.o
 .debug_aranges
                0x00000000000009e0       0x28 d:/program files/microchip/xc32/v4.45/bin/bin/../../lib/gcc/pic32c/8.3.1/../../../../pic32c/lib/thumb/v7e-m+fp/hard\libpic32c.a(data_init.o)
 .debug_aranges
                0x0000000000000a08       0x20 d:/program files/microchip/xc32/v4.45/bin/bin/../../lib/gcc/pic32c/8.3.1/../../../../pic32c/lib/thumb/v7e-m+fp/hard\libc-size-musl.a(memcmp.o)
 .debug_aranges
                0x0000000000000a28       0x20 d:/program files/microchip/xc32/v4.45/bin/bin/../../lib/gcc/pic32c/8.3.1/../../../../pic32c/lib/thumb/v7e-m+fp/hard\libc-size-musl.a(memcpy.o)
 .debug_aranges
                0x0000000000000a48       0x20 d:/program files/microchip/xc32/v4.45/bin/bin/../../lib/gcc/pic32c/8.3.1/../../../../pic32c/lib/thumb/v7e-m+fp/hard\libc-size-musl.a(memset.o)
 .debug_aranges
                0x0000000000000a68       0x20 d:/program files/microchip/xc32/v4.45/bin/bin/../../lib/gcc/pic32c/8.3.1/../../../../pic32c/lib/thumb/v7e-m+fp/hard\libc-size-musl.a(strlen.o)
 .debug_aranges
                0x0000000000000a88       0x20 d:/program files/microchip/xc32/v4.45/bin/bin/../../lib/gcc/pic32c/8.3.1/../../../../pic32c/lib/thumb/v7e-m+fp/hard\libc-size-musl.a(strchr.o)
 .debug_aranges
                0x0000000000000aa8       0x20 d:/program files/microchip/xc32/v4.45/bin/bin/../../lib/gcc/pic32c/8.3.1/../../../../pic32c/lib/thumb/v7e-m+fp/hard\libc-size-musl.a(strchrnul.o)
 .debug_aranges
                0x0000000000000ac8       0x20 d:/program files/microchip/xc32/v4.45/bin/bin/../../lib/gcc/pic32c/8.3.1/../../../../pic32c/lib/thumb/v7e-m+fp/hard\libc-size-musl.a(strcmp.o)
 .debug_aranges
                0x0000000000000ae8       0x20 d:/program files/microchip/xc32/v4.45/bin/bin/../../lib/gcc/pic32c/8.3.1/../../../../pic32c/lib/thumb/v7e-m+fp/hard\libc-size-musl.a(strncmp.o)
 .debug_aranges
                0x0000000000000b08       0x28 d:/program files/microchip/xc32/v4.45/bin/bin/../../lib/gcc/pic32c/8.3.1/../../../../pic32c/lib/thumb/v7e-m+fp/hard\libc-musl.a(__libc_start_main.o)
 .debug_aranges
                0x0000000000000b30       0x18 d:/program files/microchip/xc32/v4.45/bin/bin/../../lib/gcc/pic32c/8.3.1/../../../../pic32c/lib/thumb/v7e-m+fp/hard\libc-musl.a(libc.o)
 .debug_aranges
                0x0000000000000b48       0x18 d:/program files/microchip/xc32/v4.45/bin/bin/../../lib/gcc/pic32c/8.3.1/../../../../pic32c/lib/thumb/v7e-m+fp/hard\libc-musl.a(__environ.o)
 .debug_aranges
                0x0000000000000b60       0x20 d:/program files/microchip/xc32/v4.45/bin/bin/../../lib/gcc/pic32c/8.3.1/../../../../pic32c/lib/thumb/v7e-m+fp/hard\libpic32c.a(pic32_data_init_clear.o)
 .debug_aranges
                0x0000000000000b80       0x20 d:/program files/microchip/xc32/v4.45/bin/bin/../../lib/gcc/pic32c/8.3.1/../../../../pic32c/lib/thumb/v7e-m+fp/hard\libpic32c.a(pic32_data_init_copy.o)
 .debug_aranges
                0x0000000000000ba0       0x20 d:/program files/microchip/xc32/v4.45/bin/bin/../../lib/gcc/pic32c/8.3.1/../../../../pic32c/lib/thumb/v7e-m+fp/hard\libpic32c.a(pic32_data_init_decompress.o)

.debug_ranges   0x0000000000000000     0x1758
 .debug_ranges  0x0000000000000000       0x38 build/default/production/_ext/1748409734/bootloader_serial_memory.o
 .debug_ranges  0x0000000000000038       0x38 build/default/production/_ext/1748409734/bootloader_common.o
 .debug_ranges  0x0000000000000070      0x2c8 build/default/production/_ext/992804092/drv_memory.o
 .debug_ranges  0x0000000000000338       0x10 build/default/production/_ext/992804092/drv_memory_file_system.o
 .debug_ranges  0x0000000000000348      0x128 build/default/production/_ext/312275821/drv_mx25l.o
 .debug_ranges  0x0000000000000470       0x40 build/default/production/_ext/1984496892/plib_clock.o
 .debug_ranges  0x00000000000004b0       0x38 build/default/production/_ext/1865131932/plib_cmcc.o
 .debug_ranges  0x00000000000004e8       0x10 build/default/production/_ext/1986646378/plib_evsys.o
 .debug_ranges  0x00000000000004f8       0x28 build/default/production/_ext/1865468468/plib_nvic.o
 .debug_ranges  0x0000000000000520      0x130 build/default/production/_ext/1593096446/plib_nvmctrl.o
 .debug_ranges  0x0000000000000650       0x60 build/default/production/_ext/1865521619/plib_port.o
 .debug_ranges  0x00000000000006b0       0x48 build/default/production/_ext/1865555181/plib_qspi.o
 .debug_ranges  0x00000000000006f8       0x10 build/default/production/_ext/163028504/xc32_monitor.o
 .debug_ranges  0x0000000000000708       0x18 build/default/production/_ext/1014039709/sys_cache.o
 .debug_ranges  0x0000000000000720       0x20 build/default/production/_ext/411819097/ffunicode.o
 .debug_ranges  0x0000000000000740      0x4a0 build/default/production/_ext/411819097/ff.o
 .debug_ranges  0x0000000000000be0       0xc8 build/default/production/_ext/565198302/diskio.o
 .debug_ranges  0x0000000000000ca8      0x650 build/default/production/_ext/1269487135/sys_fs.o
 .debug_ranges  0x00000000000012f8      0x190 build/default/production/_ext/1269487135/sys_fs_media_manager.o
 .debug_ranges  0x0000000000001488       0x80 build/default/production/_ext/1269487135/sys_fs_fat_interface.o
 .debug_ranges  0x0000000000001508       0x98 build/default/production/_ext/1881668453/sys_int.o
 .debug_ranges  0x00000000000015a0       0x10 build/default/production/_ext/1171490990/tasks.o
 .debug_ranges  0x00000000000015b0       0x10 build/default/production/_ext/1171490990/initialization.o
 .debug_ranges  0x00000000000015c0       0x10 build/default/production/_ext/1171490990/libc_syscalls.o
 .debug_ranges  0x00000000000015d0       0x10 build/default/production/_ext/1171490990/interrupts.o
 .debug_ranges  0x00000000000015e0       0x38 build/default/production/_ext/1171490990/exceptions.o
 .debug_ranges  0x0000000000001618       0x18 build/default/production/_ext/1171490990/startup_xc32.o
 .debug_ranges  0x0000000000001630       0x10 build/default/production/_ext/1360937237/main.o
 .debug_ranges  0x0000000000001640       0x10 build/default/production/_ext/1360937237/bootloader_app.o
 .debug_ranges  0x0000000000001650       0x18 d:/program files/microchip/xc32/v4.45/bin/bin/../../lib/gcc/pic32c/8.3.1/../../../../pic32c/lib/thumb/v7e-m+fp/hard\libpic32c.a(data_init.o)
 .debug_ranges  0x0000000000001668       0x10 d:/program files/microchip/xc32/v4.45/bin/bin/../../lib/gcc/pic32c/8.3.1/../../../../pic32c/lib/thumb/v7e-m+fp/hard\libc-size-musl.a(memcmp.o)
 .debug_ranges  0x0000000000001678       0x10 d:/program files/microchip/xc32/v4.45/bin/bin/../../lib/gcc/pic32c/8.3.1/../../../../pic32c/lib/thumb/v7e-m+fp/hard\libc-size-musl.a(memcpy.o)
 .debug_ranges  0x0000000000001688       0x10 d:/program files/microchip/xc32/v4.45/bin/bin/../../lib/gcc/pic32c/8.3.1/../../../../pic32c/lib/thumb/v7e-m+fp/hard\libc-size-musl.a(memset.o)
 .debug_ranges  0x0000000000001698       0x10 d:/program files/microchip/xc32/v4.45/bin/bin/../../lib/gcc/pic32c/8.3.1/../../../../pic32c/lib/thumb/v7e-m+fp/hard\libc-size-musl.a(strlen.o)
 .debug_ranges  0x00000000000016a8       0x10 d:/program files/microchip/xc32/v4.45/bin/bin/../../lib/gcc/pic32c/8.3.1/../../../../pic32c/lib/thumb/v7e-m+fp/hard\libc-size-musl.a(strchr.o)
 .debug_ranges  0x00000000000016b8       0x10 d:/program files/microchip/xc32/v4.45/bin/bin/../../lib/gcc/pic32c/8.3.1/../../../../pic32c/lib/thumb/v7e-m+fp/hard\libc-size-musl.a(strchrnul.o)
 .debug_ranges  0x00000000000016c8       0x10 d:/program files/microchip/xc32/v4.45/bin/bin/../../lib/gcc/pic32c/8.3.1/../../../../pic32c/lib/thumb/v7e-m+fp/hard\libc-size-musl.a(strcmp.o)
 .debug_ranges  0x00000000000016d8       0x10 d:/program files/microchip/xc32/v4.45/bin/bin/../../lib/gcc/pic32c/8.3.1/../../../../pic32c/lib/thumb/v7e-m+fp/hard\libc-size-musl.a(strncmp.o)
 .debug_ranges  0x00000000000016e8       0x40 d:/program files/microchip/xc32/v4.45/bin/bin/../../lib/gcc/pic32c/8.3.1/../../../../pic32c/lib/thumb/v7e-m+fp/hard\libc-musl.a(__libc_start_main.o)
 .debug_ranges  0x0000000000001728       0x10 d:/program files/microchip/xc32/v4.45/bin/bin/../../lib/gcc/pic32c/8.3.1/../../../../pic32c/lib/thumb/v7e-m+fp/hard\libpic32c.a(pic32_data_init_clear.o)
 .debug_ranges  0x0000000000001738       0x10 d:/program files/microchip/xc32/v4.45/bin/bin/../../lib/gcc/pic32c/8.3.1/../../../../pic32c/lib/thumb/v7e-m+fp/hard\libpic32c.a(pic32_data_init_copy.o)
 .debug_ranges  0x0000000000001748       0x10 d:/program files/microchip/xc32/v4.45/bin/bin/../../lib/gcc/pic32c/8.3.1/../../../../pic32c/lib/thumb/v7e-m+fp/hard\libpic32c.a(pic32_data_init_decompress.o)

.debug_line     0x0000000000000000     0xbbeb
 .debug_line    0x0000000000000000      0x40d build/default/production/_ext/1748409734/bootloader_serial_memory.o
 .debug_line    0x000000000000040d      0x25b build/default/production/_ext/1748409734/bootloader_common.o
 .debug_line    0x0000000000000668     0x11fc build/default/production/_ext/992804092/drv_memory.o
 .debug_line    0x0000000000001864      0x175 build/default/production/_ext/992804092/drv_memory_file_system.o
 .debug_line    0x00000000000019d9      0x80e build/default/production/_ext/312275821/drv_mx25l.o
 .debug_line    0x00000000000021e7      0x243 build/default/production/_ext/1984496892/plib_clock.o
 .debug_line    0x000000000000242a      0x21f build/default/production/_ext/1865131932/plib_cmcc.o
 .debug_line    0x0000000000002649       0x66 build/default/production/_ext/1986646378/plib_evsys.o
 .debug_line    0x00000000000026af      0x26d build/default/production/_ext/1865468468/plib_nvic.o
 .debug_line    0x000000000000291c      0x6d2 build/default/production/_ext/1593096446/plib_nvmctrl.o
 .debug_line    0x0000000000002fee      0x2b8 build/default/production/_ext/1865521619/plib_port.o
 .debug_line    0x00000000000032a6      0x5e0 build/default/production/_ext/1865555181/plib_qspi.o
 .debug_line    0x0000000000003886       0xb1 build/default/production/_ext/163028504/xc32_monitor.o
 .debug_line    0x0000000000003937       0xc1 build/default/production/_ext/1014039709/sys_cache.o
 .debug_line    0x00000000000039f8      0x2a4 build/default/production/_ext/411819097/ffunicode.o
 .debug_line    0x0000000000003c9c     0x25b1 build/default/production/_ext/411819097/ff.o
 .debug_line    0x000000000000624d      0x3ce build/default/production/_ext/565198302/diskio.o
 .debug_line    0x000000000000661b     0x2515 build/default/production/_ext/1269487135/sys_fs.o
 .debug_line    0x0000000000008b30      0xf39 build/default/production/_ext/1269487135/sys_fs_media_manager.o
 .debug_line    0x0000000000009a69      0x5e1 build/default/production/_ext/1269487135/sys_fs_fat_interface.o
 .debug_line    0x000000000000a04a      0x2de build/default/production/_ext/1881668453/sys_int.o
 .debug_line    0x000000000000a328      0x191 build/default/production/_ext/1171490990/tasks.o
 .debug_line    0x000000000000a4b9      0x43b build/default/production/_ext/1171490990/initialization.o
 .debug_line    0x000000000000a8f4       0x5d build/default/production/_ext/1171490990/libc_syscalls.o
 .debug_line    0x000000000000a951       0xe9 build/default/production/_ext/1171490990/interrupts.o
 .debug_line    0x000000000000aa3a       0xd2 build/default/production/_ext/1171490990/exceptions.o
 .debug_line    0x000000000000ab0c      0x248 build/default/production/_ext/1171490990/startup_xc32.o
 .debug_line    0x000000000000ad54       0x75 build/default/production/_ext/1360937237/main.o
 .debug_line    0x000000000000adc9      0x103 build/default/production/_ext/1360937237/bootloader_app.o
 .debug_line    0x000000000000aecc       0x92 d:/program files/microchip/xc32/v4.45/bin/bin/../../lib/gcc/pic32c/8.3.1/../../../../pic32c/lib/thumb/v7e-m+fp/hard\libpic32c.a(data_init.o)
 .debug_line    0x000000000000af5e       0xdf d:/program files/microchip/xc32/v4.45/bin/bin/../../lib/gcc/pic32c/8.3.1/../../../../pic32c/lib/thumb/v7e-m+fp/hard\libc-size-musl.a(memcmp.o)
 .debug_line    0x000000000000b03d       0xf9 d:/program files/microchip/xc32/v4.45/bin/bin/../../lib/gcc/pic32c/8.3.1/../../../../pic32c/lib/thumb/v7e-m+fp/hard\libc-size-musl.a(memcpy.o)
 .debug_line    0x000000000000b136       0xe3 d:/program files/microchip/xc32/v4.45/bin/bin/../../lib/gcc/pic32c/8.3.1/../../../../pic32c/lib/thumb/v7e-m+fp/hard\libc-size-musl.a(memset.o)
 .debug_line    0x000000000000b219       0xe6 d:/program files/microchip/xc32/v4.45/bin/bin/../../lib/gcc/pic32c/8.3.1/../../../../pic32c/lib/thumb/v7e-m+fp/hard\libc-size-musl.a(strlen.o)
 .debug_line    0x000000000000b2ff       0xb2 d:/program files/microchip/xc32/v4.45/bin/bin/../../lib/gcc/pic32c/8.3.1/../../../../pic32c/lib/thumb/v7e-m+fp/hard\libc-size-musl.a(strchr.o)
 .debug_line    0x000000000000b3b1      0x186 d:/program files/microchip/xc32/v4.45/bin/bin/../../lib/gcc/pic32c/8.3.1/../../../../pic32c/lib/thumb/v7e-m+fp/hard\libc-size-musl.a(strchrnul.o)
 .debug_line    0x000000000000b537       0xba d:/program files/microchip/xc32/v4.45/bin/bin/../../lib/gcc/pic32c/8.3.1/../../../../pic32c/lib/thumb/v7e-m+fp/hard\libc-size-musl.a(strcmp.o)
 .debug_line    0x000000000000b5f1       0xeb d:/program files/microchip/xc32/v4.45/bin/bin/../../lib/gcc/pic32c/8.3.1/../../../../pic32c/lib/thumb/v7e-m+fp/hard\libc-size-musl.a(strncmp.o)
 .debug_line    0x000000000000b6dc      0x1c7 d:/program files/microchip/xc32/v4.45/bin/bin/../../lib/gcc/pic32c/8.3.1/../../../../pic32c/lib/thumb/v7e-m+fp/hard\libc-musl.a(__libc_start_main.o)
 .debug_line    0x000000000000b8a3       0xb5 d:/program files/microchip/xc32/v4.45/bin/bin/../../lib/gcc/pic32c/8.3.1/../../../../pic32c/lib/thumb/v7e-m+fp/hard\libc-musl.a(libc.o)
 .debug_line    0x000000000000b958       0xfb d:/program files/microchip/xc32/v4.45/bin/bin/../../lib/gcc/pic32c/8.3.1/../../../../pic32c/lib/thumb/v7e-m+fp/hard\libc-musl.a(__environ.o)
 .debug_line    0x000000000000ba53       0x72 d:/program files/microchip/xc32/v4.45/bin/bin/../../lib/gcc/pic32c/8.3.1/../../../../pic32c/lib/thumb/v7e-m+fp/hard\libpic32c.a(pic32_data_init_clear.o)
 .debug_line    0x000000000000bac5       0x7a d:/program files/microchip/xc32/v4.45/bin/bin/../../lib/gcc/pic32c/8.3.1/../../../../pic32c/lib/thumb/v7e-m+fp/hard\libpic32c.a(pic32_data_init_copy.o)
 .debug_line    0x000000000000bb3f       0xac d:/program files/microchip/xc32/v4.45/bin/bin/../../lib/gcc/pic32c/8.3.1/../../../../pic32c/lib/thumb/v7e-m+fp/hard\libpic32c.a(pic32_data_init_decompress.o)

.debug_str      0x0000000000000000    0x10ba7
 .debug_str     0x0000000000000000      0x915 build/default/production/_ext/1748409734/bootloader_serial_memory.o
 .debug_str     0x0000000000000915      0x3f9 build/default/production/_ext/1748409734/bootloader_common.o
 .debug_str     0x0000000000000d0e     0x14cb build/default/production/_ext/992804092/drv_memory.o
 .debug_str     0x00000000000021d9      0x82a build/default/production/_ext/992804092/drv_memory_file_system.o
 .debug_str     0x0000000000002a03      0xc78 build/default/production/_ext/312275821/drv_mx25l.o
 .debug_str     0x000000000000367b      0x641 build/default/production/_ext/1984496892/plib_clock.o
 .debug_str     0x0000000000003cbc      0x384 build/default/production/_ext/1865131932/plib_cmcc.o
 .debug_str     0x0000000000004040      0x29d build/default/production/_ext/1986646378/plib_evsys.o
 .debug_str     0x00000000000042dd      0x3d1 build/default/production/_ext/1865468468/plib_nvic.o
 .debug_str     0x00000000000046ae      0x69e build/default/production/_ext/1593096446/plib_nvmctrl.o
 .debug_str     0x0000000000004d4c      0xa53 build/default/production/_ext/1865521619/plib_port.o
 .debug_str     0x000000000000579f      0x672 build/default/production/_ext/1865555181/plib_qspi.o
 .debug_str     0x0000000000005e11      0x23b build/default/production/_ext/163028504/xc32_monitor.o
 .debug_str     0x000000000000604c      0x3fb build/default/production/_ext/1014039709/sys_cache.o
 .debug_str     0x0000000000006447      0x2e0 build/default/production/_ext/411819097/ffunicode.o
 .debug_str     0x0000000000006727      0x7c3 build/default/production/_ext/411819097/ff.o
 .debug_str     0x0000000000006eea      0x8b4 build/default/production/_ext/565198302/diskio.o
 .debug_str     0x000000000000779e     0x131b build/default/production/_ext/1269487135/sys_fs.o
 .debug_str     0x0000000000008ab9     0x1466 build/default/production/_ext/1269487135/sys_fs_media_manager.o
 .debug_str     0x0000000000009f1f      0x7f1 build/default/production/_ext/1269487135/sys_fs_fat_interface.o
 .debug_str     0x000000000000a710      0xc55 build/default/production/_ext/1881668453/sys_int.o
 .debug_str     0x000000000000b365      0x306 build/default/production/_ext/1171490990/tasks.o
 .debug_str     0x000000000000b66b     0x1238 build/default/production/_ext/1171490990/initialization.o
 .debug_str     0x000000000000c8a3      0x27f build/default/production/_ext/1171490990/libc_syscalls.o
 .debug_str     0x000000000000cb22     0x1068 build/default/production/_ext/1171490990/interrupts.o
 .debug_str     0x000000000000db8a      0x2fc build/default/production/_ext/1171490990/exceptions.o
 .debug_str     0x000000000000de86      0x436 build/default/production/_ext/1171490990/startup_xc32.o
 .debug_str     0x000000000000e2bc      0x28a build/default/production/_ext/1360937237/main.o
 .debug_str     0x000000000000e546      0x413 build/default/production/_ext/1360937237/bootloader_app.o
 .debug_str     0x000000000000e959      0x1f5 d:/program files/microchip/xc32/v4.45/bin/bin/../../lib/gcc/pic32c/8.3.1/../../../../pic32c/lib/thumb/v7e-m+fp/hard\libpic32c.a(data_init.o)
 .debug_str     0x000000000000eb4e      0x219 d:/program files/microchip/xc32/v4.45/bin/bin/../../lib/gcc/pic32c/8.3.1/../../../../pic32c/lib/thumb/v7e-m+fp/hard\libc-size-musl.a(memcmp.o)
 .debug_str     0x000000000000ed67      0x22f d:/program files/microchip/xc32/v4.45/bin/bin/../../lib/gcc/pic32c/8.3.1/../../../../pic32c/lib/thumb/v7e-m+fp/hard\libc-size-musl.a(memcpy.o)
 .debug_str     0x000000000000ef96      0x21b d:/program files/microchip/xc32/v4.45/bin/bin/../../lib/gcc/pic32c/8.3.1/../../../../pic32c/lib/thumb/v7e-m+fp/hard\libc-size-musl.a(memset.o)
 .debug_str     0x000000000000f1b1      0x221 d:/program files/microchip/xc32/v4.45/bin/bin/../../lib/gcc/pic32c/8.3.1/../../../../pic32c/lib/thumb/v7e-m+fp/hard\libc-size-musl.a(strlen.o)
 .debug_str     0x000000000000f3d2      0x215 d:/program files/microchip/xc32/v4.45/bin/bin/../../lib/gcc/pic32c/8.3.1/../../../../pic32c/lib/thumb/v7e-m+fp/hard\libc-size-musl.a(strchr.o)
 .debug_str     0x000000000000f5e7      0x2a0 d:/program files/microchip/xc32/v4.45/bin/bin/../../lib/gcc/pic32c/8.3.1/../../../../pic32c/lib/thumb/v7e-m+fp/hard\libc-size-musl.a(strchrnul.o)
 .debug_str     0x000000000000f887      0x209 d:/program files/microchip/xc32/v4.45/bin/bin/../../lib/gcc/pic32c/8.3.1/../../../../pic32c/lib/thumb/v7e-m+fp/hard\libc-size-musl.a(strcmp.o)
 .debug_str     0x000000000000fa90      0x220 d:/program files/microchip/xc32/v4.45/bin/bin/../../lib/gcc/pic32c/8.3.1/../../../../pic32c/lib/thumb/v7e-m+fp/hard\libc-size-musl.a(strncmp.o)
 .debug_str     0x000000000000fcb0      0x3d4 d:/program files/microchip/xc32/v4.45/bin/bin/../../lib/gcc/pic32c/8.3.1/../../../../pic32c/lib/thumb/v7e-m+fp/hard\libc-musl.a(__libc_start_main.o)
 .debug_str     0x0000000000010084      0x33f d:/program files/microchip/xc32/v4.45/bin/bin/../../lib/gcc/pic32c/8.3.1/../../../../pic32c/lib/thumb/v7e-m+fp/hard\libc-musl.a(libc.o)
 .debug_str     0x00000000000103c3      0x23f d:/program files/microchip/xc32/v4.45/bin/bin/../../lib/gcc/pic32c/8.3.1/../../../../pic32c/lib/thumb/v7e-m+fp/hard\libc-musl.a(__environ.o)
 .debug_str     0x0000000000010602      0x1df d:/program files/microchip/xc32/v4.45/bin/bin/../../lib/gcc/pic32c/8.3.1/../../../../pic32c/lib/thumb/v7e-m+fp/hard\libpic32c.a(pic32_data_init_clear.o)
 .debug_str     0x00000000000107e1      0x1dd d:/program files/microchip/xc32/v4.45/bin/bin/../../lib/gcc/pic32c/8.3.1/../../../../pic32c/lib/thumb/v7e-m+fp/hard\libpic32c.a(pic32_data_init_copy.o)
 .debug_str     0x00000000000109be      0x1e9 d:/program files/microchip/xc32/v4.45/bin/bin/../../lib/gcc/pic32c/8.3.1/../../../../pic32c/lib/thumb/v7e-m+fp/hard\libpic32c.a(pic32_data_init_decompress.o)

.debug_frame    0x0000000000000000     0x1e34
 .debug_frame   0x0000000000000000       0x5c build/default/production/_ext/1748409734/bootloader_serial_memory.o
 .debug_frame   0x000000000000005c       0x98 build/default/production/_ext/1748409734/bootloader_common.o
 .debug_frame   0x00000000000000f4      0x2f4 build/default/production/_ext/992804092/drv_memory.o
 .debug_frame   0x00000000000003e8       0x20 build/default/production/_ext/992804092/drv_memory_file_system.o
 .debug_frame   0x0000000000000408      0x1c0 build/default/production/_ext/312275821/drv_mx25l.o
 .debug_frame   0x00000000000005c8       0x20 build/default/production/_ext/1984496892/plib_clock.o
 .debug_frame   0x00000000000005e8       0x70 build/default/production/_ext/1865131932/plib_cmcc.o
 .debug_frame   0x0000000000000658       0x20 build/default/production/_ext/1986646378/plib_evsys.o
 .debug_frame   0x0000000000000678       0x50 build/default/production/_ext/1865468468/plib_nvic.o
 .debug_frame   0x00000000000006c8      0x204 build/default/production/_ext/1593096446/plib_nvmctrl.o
 .debug_frame   0x00000000000008cc       0xcc build/default/production/_ext/1865521619/plib_port.o
 .debug_frame   0x0000000000000998       0xe4 build/default/production/_ext/1865555181/plib_qspi.o
 .debug_frame   0x0000000000000a7c       0x30 build/default/production/_ext/163028504/xc32_monitor.o
 .debug_frame   0x0000000000000aac       0xe0 build/default/production/_ext/1014039709/sys_cache.o
 .debug_frame   0x0000000000000b8c       0x6c build/default/production/_ext/411819097/ffunicode.o
 .debug_frame   0x0000000000000bf8      0x430 build/default/production/_ext/411819097/ff.o
 .debug_frame   0x0000000000001028       0xb4 build/default/production/_ext/565198302/diskio.o
 .debug_frame   0x00000000000010dc      0x52c build/default/production/_ext/1269487135/sys_fs.o
 .debug_frame   0x0000000000001608      0x24c build/default/production/_ext/1269487135/sys_fs_media_manager.o
 .debug_frame   0x0000000000001854      0x1b4 build/default/production/_ext/1269487135/sys_fs_fat_interface.o
 .debug_frame   0x0000000000001a08       0x6c build/default/production/_ext/1881668453/sys_int.o
 .debug_frame   0x0000000000001a74       0x2c build/default/production/_ext/1171490990/tasks.o
 .debug_frame   0x0000000000001aa0       0x30 build/default/production/_ext/1171490990/initialization.o
 .debug_frame   0x0000000000001ad0       0x20 build/default/production/_ext/1171490990/libc_syscalls.o
 .debug_frame   0x0000000000001af0       0x20 build/default/production/_ext/1171490990/interrupts.o
 .debug_frame   0x0000000000001b10       0x70 build/default/production/_ext/1171490990/exceptions.o
 .debug_frame   0x0000000000001b80       0x38 build/default/production/_ext/1171490990/startup_xc32.o
 .debug_frame   0x0000000000001bb8       0x28 build/default/production/_ext/1360937237/main.o
 .debug_frame   0x0000000000001be0       0x20 build/default/production/_ext/1360937237/bootloader_app.o
 .debug_frame   0x0000000000001c00       0x3c d:/program files/microchip/xc32/v4.45/bin/bin/../../lib/gcc/pic32c/8.3.1/../../../../pic32c/lib/thumb/v7e-m+fp/hard\libpic32c.a(data_init.o)
 .debug_frame   0x0000000000001c3c       0x2c d:/program files/microchip/xc32/v4.45/bin/bin/../../lib/gcc/pic32c/8.3.1/../../../../pic32c/lib/thumb/v7e-m+fp/hard\libc-size-musl.a(memcmp.o)
 .debug_frame   0x0000000000001c68       0x2c d:/program files/microchip/xc32/v4.45/bin/bin/../../lib/gcc/pic32c/8.3.1/../../../../pic32c/lib/thumb/v7e-m+fp/hard\libc-size-musl.a(memcpy.o)
 .debug_frame   0x0000000000001c94       0x20 d:/program files/microchip/xc32/v4.45/bin/bin/../../lib/gcc/pic32c/8.3.1/../../../../pic32c/lib/thumb/v7e-m+fp/hard\libc-size-musl.a(memset.o)
 .debug_frame   0x0000000000001cb4       0x20 d:/program files/microchip/xc32/v4.45/bin/bin/../../lib/gcc/pic32c/8.3.1/../../../../pic32c/lib/thumb/v7e-m+fp/hard\libc-size-musl.a(strlen.o)
 .debug_frame   0x0000000000001cd4       0x28 d:/program files/microchip/xc32/v4.45/bin/bin/../../lib/gcc/pic32c/8.3.1/../../../../pic32c/lib/thumb/v7e-m+fp/hard\libc-size-musl.a(strchr.o)
 .debug_frame   0x0000000000001cfc       0x30 d:/program files/microchip/xc32/v4.45/bin/bin/../../lib/gcc/pic32c/8.3.1/../../../../pic32c/lib/thumb/v7e-m+fp/hard\libc-size-musl.a(strchrnul.o)
 .debug_frame   0x0000000000001d2c       0x28 d:/program files/microchip/xc32/v4.45/bin/bin/../../lib/gcc/pic32c/8.3.1/../../../../pic32c/lib/thumb/v7e-m+fp/hard\libc-size-musl.a(strcmp.o)
 .debug_frame   0x0000000000001d54       0x2c d:/program files/microchip/xc32/v4.45/bin/bin/../../lib/gcc/pic32c/8.3.1/../../../../pic32c/lib/thumb/v7e-m+fp/hard\libc-size-musl.a(strncmp.o)
 .debug_frame   0x0000000000001d80       0x3c d:/program files/microchip/xc32/v4.45/bin/bin/../../lib/gcc/pic32c/8.3.1/../../../../pic32c/lib/thumb/v7e-m+fp/hard\libc-musl.a(__libc_start_main.o)
 .debug_frame   0x0000000000001dbc       0x20 d:/program files/microchip/xc32/v4.45/bin/bin/../../lib/gcc/pic32c/8.3.1/../../../../pic32c/lib/thumb/v7e-m+fp/hard\libpic32c.a(pic32_data_init_clear.o)
 .debug_frame   0x0000000000001ddc       0x28 d:/program files/microchip/xc32/v4.45/bin/bin/../../lib/gcc/pic32c/8.3.1/../../../../pic32c/lib/thumb/v7e-m+fp/hard\libpic32c.a(pic32_data_init_copy.o)
 .debug_frame   0x0000000000001e04       0x30 d:/program files/microchip/xc32/v4.45/bin/bin/../../lib/gcc/pic32c/8.3.1/../../../../pic32c/lib/thumb/v7e-m+fp/hard\libpic32c.a(pic32_data_init_decompress.o)

.note.GNU-stack
                0x0000000000000000        0x0
 .note.GNU-stack
                0x0000000000000000        0x0 d:/program files/microchip/xc32/v4.45/bin/bin/../../lib/gcc/pic32c/8.3.1/../../../../pic32c/lib/thumb/v7e-m+fp/hard\libc-size-musl.a(memcmp.o)
 .note.GNU-stack
                0x0000000000000000        0x0 d:/program files/microchip/xc32/v4.45/bin/bin/../../lib/gcc/pic32c/8.3.1/../../../../pic32c/lib/thumb/v7e-m+fp/hard\libc-size-musl.a(memcpy.o)
 .note.GNU-stack
                0x0000000000000000        0x0 d:/program files/microchip/xc32/v4.45/bin/bin/../../lib/gcc/pic32c/8.3.1/../../../../pic32c/lib/thumb/v7e-m+fp/hard\libc-size-musl.a(memset.o)
 .note.GNU-stack
                0x0000000000000000        0x0 d:/program files/microchip/xc32/v4.45/bin/bin/../../lib/gcc/pic32c/8.3.1/../../../../pic32c/lib/thumb/v7e-m+fp/hard\libc-size-musl.a(strlen.o)
 .note.GNU-stack
                0x0000000000000000        0x0 d:/program files/microchip/xc32/v4.45/bin/bin/../../lib/gcc/pic32c/8.3.1/../../../../pic32c/lib/thumb/v7e-m+fp/hard\libc-size-musl.a(strchr.o)
 .note.GNU-stack
                0x0000000000000000        0x0 d:/program files/microchip/xc32/v4.45/bin/bin/../../lib/gcc/pic32c/8.3.1/../../../../pic32c/lib/thumb/v7e-m+fp/hard\libc-size-musl.a(strchrnul.o)
 .note.GNU-stack
                0x0000000000000000        0x0 d:/program files/microchip/xc32/v4.45/bin/bin/../../lib/gcc/pic32c/8.3.1/../../../../pic32c/lib/thumb/v7e-m+fp/hard\libc-size-musl.a(strcmp.o)
 .note.GNU-stack
                0x0000000000000000        0x0 d:/program files/microchip/xc32/v4.45/bin/bin/../../lib/gcc/pic32c/8.3.1/../../../../pic32c/lib/thumb/v7e-m+fp/hard\libc-size-musl.a(strncmp.o)
 .note.GNU-stack
                0x0000000000000000        0x0 d:/program files/microchip/xc32/v4.45/bin/bin/../../lib/gcc/pic32c/8.3.1/../../../../pic32c/lib/thumb/v7e-m+fp/hard\libc-musl.a(__libc_start_main.o)
 .note.GNU-stack
                0x0000000000000000        0x0 d:/program files/microchip/xc32/v4.45/bin/bin/../../lib/gcc/pic32c/8.3.1/../../../../pic32c/lib/thumb/v7e-m+fp/hard\libc-musl.a(libc.o)
 .note.GNU-stack
                0x0000000000000000        0x0 d:/program files/microchip/xc32/v4.45/bin/bin/../../lib/gcc/pic32c/8.3.1/../../../../pic32c/lib/thumb/v7e-m+fp/hard\libc-musl.a(__environ.o)

.stack          0x0000000020002940      0x100
 .stack         0x0000000020002940      0x100 stack

.bss.gDrvMemory0EraseBuffer%1
                0x0000000020000010     0x1000
 .bss.gDrvMemory0EraseBuffer
                0x0000000020000010     0x1000 build/default/production/_ext/1171490990/initialization.o

.bss.gSYSFSMediaBlockBuffer%2
                0x0000000020001010      0x800
 .bss.gSYSFSMediaBlockBuffer
                0x0000000020001010      0x800 build/default/production/_ext/1269487135/sys_fs_media_manager.o

.bss.FATFSVolume%3
                0x0000000020001810      0x240
 .bss.FATFSVolume
                0x0000000020001810      0x240 build/default/production/_ext/1269487135/sys_fs_fat_interface.o

.bss.FATFSFileObject%4
                0x0000000020001a50      0x230
 .bss.FATFSFileObject
                0x0000000020001a50      0x230 build/default/production/_ext/1269487135/sys_fs_fat_interface.o

.bss.fileBuffer%5
                0x0000000020001c80      0x200
 .bss.fileBuffer
                0x0000000020001c80      0x200 build/default/production/_ext/1748409734/bootloader_serial_memory.o

.bss.LfnBuf%6   0x0000000020001e80      0x200
 .bss.LfnBuf    0x0000000020001e80      0x200 build/default/production/_ext/411819097/ff.o

.bss.gSYSFSMediaBuffer%7
                0x0000000020002080      0x200
 .bss.gSYSFSMediaBuffer
                0x0000000020002080      0x200 build/default/production/_ext/1269487135/sys_fs_media_manager.o

.bss.gSYSFSFileObj%8
                0x0000000020002280      0x110
 .bss.gSYSFSFileObj
                0x0000000020002280      0x110 build/default/production/_ext/1269487135/sys_fs.o

.bss.gDrvMemoryObj%9
                0x0000000020002390       0x98
 .bss.gDrvMemoryObj
                0x0000000020002390       0x98 build/default/production/_ext/992804092/drv_memory.o

.bss%10         0x0000000020002428       0x50
 .bss           0x0000000020002428       0x50 d:/program files/microchip/xc32/v4.45/bin/bin/../../lib/gcc/pic32c/8.3.1/../../../../pic32c/lib/thumb/v7e-m+fp/hard\libc-musl.a(libc.o)
                0x0000000020002428                __progname_full
                0x0000000020002428                program_invocation_name
                0x000000002000242c                program_invocation_short_name
                0x000000002000242c                __progname
                0x0000000020002430                __sysinfo
                0x0000000020002434                __hwcap
                0x0000000020002438                __libc

.bss.FATFSDirObject%11
                0x0000000020002480       0x34
 .bss.FATFSDirObject
                0x0000000020002480       0x34 build/default/production/_ext/1269487135/sys_fs_fat_interface.o

.bss.gSYSFSMediaObject%12
                0x00000000200024b4       0x28
 .bss.gSYSFSMediaObject
                0x00000000200024b4       0x28 build/default/production/_ext/1269487135/sys_fs_media_manager.o

.bss.gDrvMemory0BufferObject%13
                0x00000000200024dc       0x24
 .bss.gDrvMemory0BufferObject
                0x00000000200024dc       0x24 build/default/production/_ext/1171490990/initialization.o

.bss%14         0x0000000020002500       0x1c
 .bss           0x0000000020002500       0x1c d:/program files/microchip/xc32/v4.45/bin/bin/../../lib/gcc/pic32c/8.3.1/thumb/v7e-m+fp/hard/crtbegin.o

.bss.gSYSFSVolumeObject%15
                0x000000002000251c       0x1c
 .bss.gSYSFSVolumeObject
                0x000000002000251c       0x1c build/default/production/_ext/1269487135/sys_fs_media_manager.o

.bss.gDrvMX25LObj%16
                0x0000000020002538       0x10
 .bss.gDrvMX25LObj
                0x0000000020002538       0x10 build/default/production/_ext/312275821/drv_mx25l.o

.bss.gSYSFSDirObj%17
                0x0000000020002548       0x10
 .bss.gSYSFSDirObj
                0x0000000020002548       0x10 build/default/production/_ext/1269487135/sys_fs.o

.bss.gSYSFSMountPoint%18
                0x0000000020002558       0x10
 .bss.gSYSFSMountPoint
                0x0000000020002558       0x10 build/default/production/_ext/1269487135/sys_fs.o

.bss.gSYSFSEventHandler%19
                0x0000000020002568       0x10
 .bss.gSYSFSEventHandler
                0x0000000020002568       0x10 build/default/production/_ext/1269487135/sys_fs_media_manager.o

.bss.gDrvMemory0ClientObject%20
                0x0000000020002578       0x10
 .bss.gDrvMemory0ClientObject
                0x0000000020002578       0x10 build/default/production/_ext/1171490990/initialization.o

.bss.gSysFsDiskData%21
                0x0000000020002590        0x8
 .bss.gSysFsDiskData
                0x0000000020002590        0x8 build/default/production/_ext/565198302/diskio.o

.bss.qspi_memory_xfer%22
                0x0000000020002598        0xc
 .bss.qspi_memory_xfer
                0x0000000020002598        0xc build/default/production/_ext/312275821/drv_mx25l.o

.bss.gSYSFSCurrentMountPoint%23
                0x0000000020002478        0x8
 .bss.gSYSFSCurrentMountPoint
                0x0000000020002478        0x8 build/default/production/_ext/1269487135/sys_fs.o

.bss.gSYSFSObj%24
                0x0000000020002588        0x8
 .bss.gSYSFSObj
                0x0000000020002588        0x8 build/default/production/_ext/1269487135/sys_fs.o

.bss.sysObj%25  0x00000000200025a4        0x8
 .bss.sysObj    0x00000000200025a4        0x8 build/default/production/_ext/1171490990/initialization.o
                0x00000000200025a4                sysObj

.bss.qspi_command_xfer%26
                0x00000000200025ac        0x6
 .bss.qspi_command_xfer
                0x00000000200025ac        0x6 build/default/production/_ext/312275821/drv_mx25l.o

.bss.currentReadAddress.10262%27
                0x00000000200025b4        0x4
 .bss.currentReadAddress.10262
                0x00000000200025b4        0x4 build/default/production/_ext/1748409734/bootloader_serial_memory.o

.bss.FatFs%28   0x00000000200025b8        0x4
 .bss.FatFs     0x00000000200025b8        0x4 build/default/production/_ext/411819097/ff.o

.bss%29         0x00000000200025bc        0x4
 .bss           0x00000000200025bc        0x4 d:/program files/microchip/xc32/v4.45/bin/bin/../../lib/gcc/pic32c/8.3.1/../../../../pic32c/lib/thumb/v7e-m+fp/hard\libpic32c.a(data_init.o)

.bss%30         0x00000000200025c0        0x4
 .bss           0x00000000200025c0        0x4 d:/program files/microchip/xc32/v4.45/bin/bin/../../lib/gcc/pic32c/8.3.1/../../../../pic32c/lib/thumb/v7e-m+fp/hard\libc-musl.a(__environ.o)
                0x00000000200025c0                __environ
                0x00000000200025c0                environ
                0x00000000200025c0                ___environ
                0x00000000200025c0                _environ

.bss.VolToPart%31
                0x00000000200025c4        0x2
 .bss.VolToPart
                0x00000000200025c4        0x2 build/default/production/_ext/1269487135/sys_fs_media_manager.o
                0x00000000200025c4                VolToPart

.bss.qspi_register_xfer%32
                0x00000000200025c8        0x3
 .bss.qspi_register_xfer
                0x00000000200025c8        0x3 build/default/production/_ext/312275821/drv_mx25l.o

.bss.nvm_error%33
                0x00000000200025b2        0x2
 .bss.nvm_error
                0x00000000200025b2        0x2 build/default/production/_ext/1593096446/plib_nvmctrl.o

.bss.Fsid%34    0x00000000200025c6        0x2
 .bss.Fsid      0x00000000200025c6        0x2 build/default/production/_ext/411819097/ff.o

.bss.EnableFourByteAddressMode%35
                0x00000000200025cb        0x1
 .bss.EnableFourByteAddressMode
                0x00000000200025cb        0x1 build/default/production/_ext/312275821/drv_mx25l.o

.bss.CurrVol%36
                0x00000000200025cc        0x1
 .bss.CurrVol   0x00000000200025cc        0x1 build/default/production/_ext/411819097/ff.o

.bss.errorValue%37
                0x00000000200025cd        0x1
 .bss.errorValue
                0x00000000200025cd        0x1 build/default/production/_ext/1269487135/sys_fs.o

.bss.gSysFsMutex%38
                0x00000000200025ce        0x1
 .bss.gSysFsMutex
                0x00000000200025ce        0x1 build/default/production/_ext/1269487135/sys_fs.o

.bss.gNumOfFSClients%39
                0x00000000200025cf        0x1
 .bss.gNumOfFSClients
                0x00000000200025cf        0x1 build/default/production/_ext/1269487135/sys_fs_media_manager.o

.bss.startupflag%40
                0x00000000200025d0        0x1
 .bss.startupflag
                0x00000000200025d0        0x1 build/default/production/_ext/1269487135/sys_fs_fat_interface.o

.bss%z1         0x0000000000000000        0x0
 .bss           0x0000000000000000        0x0 d:/program files/microchip/xc32/v4.45/bin/bin/../../lib/gcc/pic32c/8.3.1/../../../../pic32c/lib/thumb/v7e-m+fp/hard\libpic32c.a(pic32_data_init_decompress.o)

.bss%z2         0x0000000000000000        0x0
 .bss           0x0000000000000000        0x0 d:/program files/microchip/xc32/v4.45/bin/bin/../../lib/gcc/pic32c/8.3.1/../../../../pic32c/lib/thumb/v7e-m+fp/hard\libpic32c.a(pic32_data_init_copy.o)

.bss%z3         0x0000000000000000        0x0
 .bss           0x0000000000000000        0x0 d:/program files/microchip/xc32/v4.45/bin/bin/../../lib/gcc/pic32c/8.3.1/../../../../pic32c/lib/thumb/v7e-m+fp/hard\libpic32c.a(pic32_data_init_clear.o)

.bss%z4         0x0000000000000000        0x0
 .bss           0x0000000000000000        0x0 d:/program files/microchip/xc32/v4.45/bin/bin/../../lib/gcc/pic32c/8.3.1/thumb/v7e-m+fp/hard/crtn.o

.bss%z5         0x0000000000000000        0x0
 .bss           0x0000000000000000        0x0 d:/program files/microchip/xc32/v4.45/bin/bin/../../lib/gcc/pic32c/8.3.1/thumb/v7e-m+fp/hard/crtend.o

.bss%z6         0x0000000000000000        0x0
 .bss           0x0000000000000000        0x0 d:/program files/microchip/xc32/v4.45/bin/bin/../../lib/gcc/pic32c/8.3.1/../../../../pic32c/lib/thumb/v7e-m+fp/hard\libc-musl.a(__libc_start_main.o)

.bss%z7         0x0000000000000000        0x0
 .bss           0x0000000000000000        0x0 d:/program files/microchip/xc32/v4.45/bin/bin/../../lib/gcc/pic32c/8.3.1/../../../../pic32c/lib/thumb/v7e-m+fp/hard\libc-size-musl.a(strncmp.o)

.bss%z8         0x0000000000000000        0x0
 .bss           0x0000000000000000        0x0 d:/program files/microchip/xc32/v4.45/bin/bin/../../lib/gcc/pic32c/8.3.1/../../../../pic32c/lib/thumb/v7e-m+fp/hard\libc-size-musl.a(strcmp.o)

.bss%z9         0x0000000000000000        0x0
 .bss           0x0000000000000000        0x0 d:/program files/microchip/xc32/v4.45/bin/bin/../../lib/gcc/pic32c/8.3.1/../../../../pic32c/lib/thumb/v7e-m+fp/hard\libc-size-musl.a(strchrnul.o)

.bss%z10        0x0000000000000000        0x0
 .bss           0x0000000000000000        0x0 d:/program files/microchip/xc32/v4.45/bin/bin/../../lib/gcc/pic32c/8.3.1/../../../../pic32c/lib/thumb/v7e-m+fp/hard\libc-size-musl.a(strchr.o)

.bss%z11        0x0000000000000000        0x0
 .bss           0x0000000000000000        0x0 d:/program files/microchip/xc32/v4.45/bin/bin/../../lib/gcc/pic32c/8.3.1/../../../../pic32c/lib/thumb/v7e-m+fp/hard\libc-size-musl.a(strlen.o)

.bss%z12        0x0000000000000000        0x0
 .bss           0x0000000000000000        0x0 d:/program files/microchip/xc32/v4.45/bin/bin/../../lib/gcc/pic32c/8.3.1/../../../../pic32c/lib/thumb/v7e-m+fp/hard\libc-size-musl.a(memset.o)

.bss%z13        0x0000000000000000        0x0
 .bss           0x0000000000000000        0x0 d:/program files/microchip/xc32/v4.45/bin/bin/../../lib/gcc/pic32c/8.3.1/../../../../pic32c/lib/thumb/v7e-m+fp/hard\libc-size-musl.a(memcpy.o)

.bss%z14        0x0000000000000000        0x0
 .bss           0x0000000000000000        0x0 d:/program files/microchip/xc32/v4.45/bin/bin/../../lib/gcc/pic32c/8.3.1/../../../../pic32c/lib/thumb/v7e-m+fp/hard\libc-size-musl.a(memcmp.o)

.bss%z15        0x0000000000000000        0x0
 .bss           0x0000000000000000        0x0 build/default/production/_ext/1360937237/bootloader_app.o

.bss%z16        0x0000000000000000        0x0
 .bss           0x0000000000000000        0x0 build/default/production/_ext/1360937237/main.o

.bss%z17        0x0000000000000000        0x0
 .bss           0x0000000000000000        0x0 build/default/production/_ext/1171490990/startup_xc32.o

.bss%z18        0x0000000000000000        0x0
 .bss           0x0000000000000000        0x0 build/default/production/_ext/1171490990/exceptions.o

.bss%z19        0x0000000000000000        0x0
 .bss           0x0000000000000000        0x0 build/default/production/_ext/1171490990/interrupts.o

.bss%z20        0x0000000000000000        0x0
 .bss           0x0000000000000000        0x0 build/default/production/_ext/1171490990/libc_syscalls.o

.bss%z21        0x0000000000000000        0x0
 .bss           0x0000000000000000        0x0 build/default/production/_ext/1171490990/initialization.o

.bss%z22        0x0000000000000000        0x0
 .bss           0x0000000000000000        0x0 build/default/production/_ext/1171490990/tasks.o

.bss%z23        0x0000000000000000        0x0
 .bss           0x0000000000000000        0x0 build/default/production/_ext/1881668453/sys_int.o

.bss%z24        0x0000000000000000        0x0
 .bss           0x0000000000000000        0x0 build/default/production/_ext/1269487135/sys_fs_fat_interface.o

.bss%z25        0x0000000000000000        0x0
 .bss           0x0000000000000000        0x0 build/default/production/_ext/1269487135/sys_fs_media_manager.o

.bss%z26        0x0000000000000000        0x0
 .bss           0x0000000000000000        0x0 build/default/production/_ext/1269487135/sys_fs.o

.bss%z27        0x0000000000000000        0x0
 .bss           0x0000000000000000        0x0 build/default/production/_ext/565198302/diskio.o

.bss%z28        0x0000000000000000        0x0
 .bss           0x0000000000000000        0x0 build/default/production/_ext/411819097/ff.o

.bss%z29        0x0000000000000000        0x0
 .bss           0x0000000000000000        0x0 build/default/production/_ext/411819097/ffunicode.o

.bss%z30        0x0000000000000000        0x0
 .bss           0x0000000000000000        0x0 build/default/production/_ext/1014039709/sys_cache.o

.bss%z31        0x0000000000000000        0x0
 .bss           0x0000000000000000        0x0 build/default/production/_ext/163028504/xc32_monitor.o

.bss%z32        0x0000000000000000        0x0
 .bss           0x0000000000000000        0x0 build/default/production/_ext/1865555181/plib_qspi.o

.bss%z33        0x0000000000000000        0x0
 .bss           0x0000000000000000        0x0 build/default/production/_ext/1865521619/plib_port.o

.bss%z34        0x0000000000000000        0x0
 .bss           0x0000000000000000        0x0 build/default/production/_ext/1593096446/plib_nvmctrl.o

.bss%z35        0x0000000000000000        0x0
 .bss           0x0000000000000000        0x0 build/default/production/_ext/1865468468/plib_nvic.o

.bss%z36        0x0000000000000000        0x0
 .bss           0x0000000000000000        0x0 build/default/production/_ext/1986646378/plib_evsys.o

.bss%z37        0x0000000000000000        0x0
 .bss           0x0000000000000000        0x0 build/default/production/_ext/1865131932/plib_cmcc.o

.bss%z38        0x0000000000000000        0x0
 .bss           0x0000000000000000        0x0 build/default/production/_ext/1984496892/plib_clock.o

.bss%z39        0x0000000000000000        0x0
 .bss           0x0000000000000000        0x0 build/default/production/_ext/312275821/drv_mx25l.o

.bss%z40        0x0000000000000000        0x0
 .bss           0x0000000000000000        0x0 build/default/production/_ext/992804092/drv_memory_file_system.o

.bss%z41        0x0000000000000000        0x0
 .bss           0x0000000000000000        0x0 build/default/production/_ext/992804092/drv_memory.o

.bss%z42        0x0000000000000000        0x0
 .bss           0x0000000000000000        0x0 build/default/production/_ext/1748409734/bootloader_common.o

.bss%z43        0x0000000000000000        0x0
 .bss           0x0000000000000000        0x0 build/default/production/_ext/1748409734/bootloader_serial_memory.o

.bss%z44        0x0000000000000000        0x0
 .bss           0x0000000000000000        0x0 d:/program files/microchip/xc32/v4.45/bin/bin/../../lib/gcc/pic32c/8.3.1/thumb/v7e-m+fp/hard/crti.o

.data.btlData%41
                0x00000000200025d4      0x130
 .data.btlData  0x00000000200025d4      0x130 build/default/production/_ext/1748409734/bootloader_serial_memory.o

.data.gSYSFSMediaManagerObj%42
                0x0000000020002704       0x18
 .data.gSYSFSMediaManagerObj
                0x0000000020002704       0x18 build/default/production/_ext/1269487135/sys_fs_media_manager.o

.data%43        0x000000002000271c        0x4
 .data          0x000000002000271c        0x4 d:/program files/microchip/xc32/v4.45/bin/bin/../../lib/gcc/pic32c/8.3.1/thumb/v7e-m+fp/hard/crtbegin.o
                0x000000002000271c                __dso_handle

.eh_frame%44    0x0000000020002720        0x4
 .eh_frame      0x0000000020002720        0x4 d:/program files/microchip/xc32/v4.45/bin/bin/../../lib/gcc/pic32c/8.3.1/thumb/v7e-m+fp/hard/crtend.o

.data%z45       0x0000000000000000        0x0
 .data          0x0000000000000000        0x0 d:/program files/microchip/xc32/v4.45/bin/bin/../../lib/gcc/pic32c/8.3.1/../../../../pic32c/lib/thumb/v7e-m+fp/hard\libpic32c.a(pic32_data_init_decompress.o)

.data%z46       0x0000000000000000        0x0
 .data          0x0000000000000000        0x0 d:/program files/microchip/xc32/v4.45/bin/bin/../../lib/gcc/pic32c/8.3.1/../../../../pic32c/lib/thumb/v7e-m+fp/hard\libpic32c.a(pic32_data_init_copy.o)

.data%z47       0x0000000000000000        0x0
 .data          0x0000000000000000        0x0 d:/program files/microchip/xc32/v4.45/bin/bin/../../lib/gcc/pic32c/8.3.1/../../../../pic32c/lib/thumb/v7e-m+fp/hard\libpic32c.a(pic32_data_init_clear.o)

.data%z48       0x0000000000000000        0x0
 .data          0x0000000000000000        0x0 d:/program files/microchip/xc32/v4.45/bin/bin/../../lib/gcc/pic32c/8.3.1/thumb/v7e-m+fp/hard/crtn.o

.data%z49       0x0000000000000000        0x0
 .data          0x0000000000000000        0x0 d:/program files/microchip/xc32/v4.45/bin/bin/../../lib/gcc/pic32c/8.3.1/thumb/v7e-m+fp/hard/crtend.o

.data%z50       0x0000000000000000        0x0
 .data          0x0000000000000000        0x0 d:/program files/microchip/xc32/v4.45/bin/bin/../../lib/gcc/pic32c/8.3.1/../../../../pic32c/lib/thumb/v7e-m+fp/hard\libc-musl.a(__environ.o)

.data%z51       0x0000000000000000        0x0
 .data          0x0000000000000000        0x0 d:/program files/microchip/xc32/v4.45/bin/bin/../../lib/gcc/pic32c/8.3.1/../../../../pic32c/lib/thumb/v7e-m+fp/hard\libc-musl.a(libc.o)

.data%z52       0x0000000000000000        0x0
 .data          0x0000000000000000        0x0 d:/program files/microchip/xc32/v4.45/bin/bin/../../lib/gcc/pic32c/8.3.1/../../../../pic32c/lib/thumb/v7e-m+fp/hard\libc-musl.a(__libc_start_main.o)

.data%z53       0x0000000000000000        0x0
 .data          0x0000000000000000        0x0 d:/program files/microchip/xc32/v4.45/bin/bin/../../lib/gcc/pic32c/8.3.1/../../../../pic32c/lib/thumb/v7e-m+fp/hard\libc-size-musl.a(strncmp.o)

.data%z54       0x0000000000000000        0x0
 .data          0x0000000000000000        0x0 d:/program files/microchip/xc32/v4.45/bin/bin/../../lib/gcc/pic32c/8.3.1/../../../../pic32c/lib/thumb/v7e-m+fp/hard\libc-size-musl.a(strcmp.o)

.data%z55       0x0000000000000000        0x0
 .data          0x0000000000000000        0x0 d:/program files/microchip/xc32/v4.45/bin/bin/../../lib/gcc/pic32c/8.3.1/../../../../pic32c/lib/thumb/v7e-m+fp/hard\libc-size-musl.a(strchrnul.o)

.data%z56       0x0000000000000000        0x0
 .data          0x0000000000000000        0x0 d:/program files/microchip/xc32/v4.45/bin/bin/../../lib/gcc/pic32c/8.3.1/../../../../pic32c/lib/thumb/v7e-m+fp/hard\libc-size-musl.a(strchr.o)

.data%z57       0x0000000000000000        0x0
 .data          0x0000000000000000        0x0 d:/program files/microchip/xc32/v4.45/bin/bin/../../lib/gcc/pic32c/8.3.1/../../../../pic32c/lib/thumb/v7e-m+fp/hard\libc-size-musl.a(strlen.o)

.data%z58       0x0000000000000000        0x0
 .data          0x0000000000000000        0x0 d:/program files/microchip/xc32/v4.45/bin/bin/../../lib/gcc/pic32c/8.3.1/../../../../pic32c/lib/thumb/v7e-m+fp/hard\libc-size-musl.a(memset.o)

.data%z59       0x0000000000000000        0x0
 .data          0x0000000000000000        0x0 d:/program files/microchip/xc32/v4.45/bin/bin/../../lib/gcc/pic32c/8.3.1/../../../../pic32c/lib/thumb/v7e-m+fp/hard\libc-size-musl.a(memcpy.o)

.data%z60       0x0000000000000000        0x0
 .data          0x0000000000000000        0x0 d:/program files/microchip/xc32/v4.45/bin/bin/../../lib/gcc/pic32c/8.3.1/../../../../pic32c/lib/thumb/v7e-m+fp/hard\libc-size-musl.a(memcmp.o)

.data%z61       0x0000000000000000        0x0
 .data          0x0000000000000000        0x0 d:/program files/microchip/xc32/v4.45/bin/bin/../../lib/gcc/pic32c/8.3.1/../../../../pic32c/lib/thumb/v7e-m+fp/hard\libpic32c.a(data_init.o)

.data%z62       0x0000000000000000        0x0
 .data          0x0000000000000000        0x0 build/default/production/_ext/1360937237/bootloader_app.o

.data%z63       0x0000000000000000        0x0
 .data          0x0000000000000000        0x0 build/default/production/_ext/1360937237/main.o

.data%z64       0x0000000000000000        0x0
 .data          0x0000000000000000        0x0 build/default/production/_ext/1171490990/startup_xc32.o

.data%z65       0x0000000000000000        0x0
 .data          0x0000000000000000        0x0 build/default/production/_ext/1171490990/exceptions.o

.data%z66       0x0000000000000000        0x0
 .data          0x0000000000000000        0x0 build/default/production/_ext/1171490990/interrupts.o

.data%z67       0x0000000000000000        0x0
 .data          0x0000000000000000        0x0 build/default/production/_ext/1171490990/libc_syscalls.o

.data%z68       0x0000000000000000        0x0
 .data          0x0000000000000000        0x0 build/default/production/_ext/1171490990/initialization.o

.data%z69       0x0000000000000000        0x0
 .data          0x0000000000000000        0x0 build/default/production/_ext/1171490990/tasks.o

.data%z70       0x0000000000000000        0x0
 .data          0x0000000000000000        0x0 build/default/production/_ext/1881668453/sys_int.o

.data%z71       0x0000000000000000        0x0
 .data          0x0000000000000000        0x0 build/default/production/_ext/1269487135/sys_fs_fat_interface.o

.data%z72       0x0000000000000000        0x0
 .data          0x0000000000000000        0x0 build/default/production/_ext/1269487135/sys_fs_media_manager.o

.data%z73       0x0000000000000000        0x0
 .data          0x0000000000000000        0x0 build/default/production/_ext/1269487135/sys_fs.o

.data%z74       0x0000000000000000        0x0
 .data          0x0000000000000000        0x0 build/default/production/_ext/565198302/diskio.o

.data%z75       0x0000000000000000        0x0
 .data          0x0000000000000000        0x0 build/default/production/_ext/411819097/ff.o

.data%z76       0x0000000000000000        0x0
 .data          0x0000000000000000        0x0 build/default/production/_ext/411819097/ffunicode.o

.data%z77       0x0000000000000000        0x0
 .data          0x0000000000000000        0x0 build/default/production/_ext/1014039709/sys_cache.o

.data%z78       0x0000000000000000        0x0
 .data          0x0000000000000000        0x0 build/default/production/_ext/163028504/xc32_monitor.o

.data%z79       0x0000000000000000        0x0
 .data          0x0000000000000000        0x0 build/default/production/_ext/1865555181/plib_qspi.o

.data%z80       0x0000000000000000        0x0
 .data          0x0000000000000000        0x0 build/default/production/_ext/1865521619/plib_port.o

.data%z81       0x0000000000000000        0x0
 .data          0x0000000000000000        0x0 build/default/production/_ext/1593096446/plib_nvmctrl.o

.data%z82       0x0000000000000000        0x0
 .data          0x0000000000000000        0x0 build/default/production/_ext/1865468468/plib_nvic.o

.data%z83       0x0000000000000000        0x0
 .data          0x0000000000000000        0x0 build/default/production/_ext/1986646378/plib_evsys.o

.data%z84       0x0000000000000000        0x0
 .data          0x0000000000000000        0x0 build/default/production/_ext/1865131932/plib_cmcc.o

.data%z85       0x0000000000000000        0x0
 .data          0x0000000000000000        0x0 build/default/production/_ext/1984496892/plib_clock.o

.data%z86       0x0000000000000000        0x0